cargo : warning: unnecessary parentheses around block return value
At line:1 char:1
+ cargo build 2>&1 | Out-File -FilePath ../build_output.txt; Get-Conten ...
+ ~~~~~~~~~~~~~~~~
    + CategoryInfo          : NotSpecified: (warning: unnece...ck return value:String) [], RemoteExc 
   eption
    + FullyQualifiedErrorId : NativeCommandError
 
   --> src\download.rs:717:13
    |
717 |             ((total_bytes as f64 / (total_duration_ms as f64 / 1000.0)) as u64)
    |             ^                                                                 ^
    |
    = note: `#[warn(unused_parens)]` (part of `#[warn(unused)]`) on by default
help: remove these parentheses
    |
717 -             ((total_bytes as f64 / (total_duration_ms as f64 / 1000.0)) as u64)
717 +             (total_bytes as f64 / (total_duration_ms as f64 / 1000.0)) as u64 
    |

warning: unused import: `crate::path_security`
 --> src\server.rs:4:5
  |
4 | use crate::path_security;
  |     ^^^^^^^^^^^^^^^^^^^^
  |
  = note: `#[warn(unused_imports)]` (part of `#[warn(unused)]`) on by default

warning: value assigned to `param_index` is never read
   --> src\database.rs:815:21
    |
815 |                     param_index += 2;
    |                     ^^^^^^^^^^^^^^^^
    |
    = help: maybe it is overwritten before being read?
    = note: `#[warn(unused_assignments)]` (part of `#[warn(unused)]`) on by default

warning: value assigned to `last_error` is never read
  --> src\gateway.rs:70:30
   |
70 |         let mut last_error = None;
   |                              ^^^^
   |
   = help: maybe it is overwritten before being read?

warning: unused variable: `cache_ttl`
   --> src\database.rs:652:13
    |
652 |         let cache_ttl = self.cache_ttl_seconds;
    |             ^^^^^^^^^ help: if this is intentional, prefix it with an underscore: `_cache_ttl`
    |
    = note: `#[warn(unused_variables)]` (part of `#[warn(unused)]`) on by default

warning: unused variable: `cache_ttl`
    --> src\database.rs:1981:13
     |
1981 |         let cache_ttl = self.cache_ttl_seconds;
     |             ^^^^^^^^^ help: if this is intentional, prefix it with an underscore: `_cache_ttl`

warning: unused variable: `app`
   --> src\main.rs:248:17
    |
248 |         .setup(|app| {
    |                 ^^^ help: if this is intentional, prefix it with an underscore: `_app`

warning: function `run_startup_migrations` is never used
   --> src\main.rs:346:10
    |
346 | async fn run_startup_migrations(
    |          ^^^^^^^^^^^^^^^^^^^^^^
    |
    = note: `#[warn(dead_code)]` (part of `#[warn(unused)]`) on by default

warning: function `check_emergency_disable` is never used
   --> src\main.rs:358:10
    |
358 | async fn check_emergency_disable() -> Result<(), Box<dyn std::error::Error>> {
    |          ^^^^^^^^^^^^^^^^^^^^^^^

warning: function `show_emergency_disable_message` is never used
   --> src\main.rs:434:4
    |
434 | fn show_emergency_disable_message() {
    |    ^^^^^^^^^^^^^^^^^^^^^^^^^^^^^^

warning: fields `connection_pool` and `max_connections` are never read
  --> src\database.rs:18:5
   |
15 | pub struct Database {
   |            -------- fields in this struct
...
18 |     connection_pool: Arc<Mutex<Vec<Connection>>>,
   |     ^^^^^^^^^^^^^^^
19 |     /// Maximum number of connections in the pool
20 |     max_connections: usize,
   |     ^^^^^^^^^^^^^^^

warning: methods `get_connection` and `return_connection` are never used
   --> src\database.rs:121:14
    |
 29 | impl Database {
    | ------------- methods in this implementation
...
121 |     async fn get_connection(&self) -> Result<Connection> {
    |              ^^^^^^^^^^^^^^
...
156 |     async fn return_connection(&self, conn: Connection) {
    |              ^^^^^^^^^^^^^^^^^

warning: constant `KEYRING_SERVICE` is never used
  --> src\encryption.rs:15:7
   |
15 | const KEYRING_SERVICE: &str = "Kiyya";
   |       ^^^^^^^^^^^^^^^

warning: constant `KEYRING_USER` is never used
  --> src\encryption.rs:16:7
   |
16 | const KEYRING_USER: &str = "encryption_key";
   |       ^^^^^^^^^^^^

warning: constant `KEY_SIZE` is never used
  --> src\encryption.rs:18:7
   |
18 | const KEY_SIZE: usize = 32;
   |       ^^^^^^^^

warning: field `encrypted_size` is never read
  --> src\encryption.rs:23:5
   |
21 | struct ChunkInfo {
   |        --------- field in this struct
22 |     file_offset: u64,
23 |     encrypted_size: u64,
   |     ^^^^^^^^^^^^^^
   |
   = note: `ChunkInfo` has derived impls for the traits `Clone` and `Debug`, but these are 
intentionally ignored during dead code analysis

warning: multiple associated items are never used
   --> src\encryption.rs:35:12
    |
 30 | impl EncryptionManager {
    | ---------------------- associated items in this implementation
...
 35 |     pub fn is_encryption_enabled(&self) -> bool {
    |            ^^^^^^^^^^^^^^^^^^^^^
...
 39 |     pub fn enable_encryption(&mut self, passphrase: &str) -> Result<()> {
    |            ^^^^^^^^^^^^^^^^^
...
 70 |     pub fn load_encryption_from_keystore(&mut self) -> Result<bool> {
    |            ^^^^^^^^^^^^^^^^^^^^^^^^^^^^^
...
 98 |     pub fn disable_encryption(&mut self) -> Result<()> {
    |            ^^^^^^^^^^^^^^^^^^
...
182 |     pub async fn decrypt_file(&self, input_path: &Path, output_path: &Path) -> Result<()> {
    |                  ^^^^^^^^^^^^
...
357 |     fn derive_key_from_passphrase(passphrase: &str) -> Result<[u8; KEY_SIZE]> {
    |        ^^^^^^^^^^^^^^^^^^^^^^^^^^
...
377 |     fn store_key_in_keystore(&self, key: &[u8; KEY_SIZE]) -> Result<()> {
    |        ^^^^^^^^^^^^^^^^^^^^^
...
384 |     fn load_key_from_keystore(&self) -> Result<[u8; KEY_SIZE]> {
    |        ^^^^^^^^^^^^^^^^^^^^^^
...
400 |     fn remove_key_from_keystore(&self) -> Result<()> {
    |        ^^^^^^^^^^^^^^^^^^^^^^^^

warning: struct `ErrorContext` is never constructed
  --> src\error_logging.rs:42:12
   |
42 | pub struct ErrorContext {
   |            ^^^^^^^^^^^^

warning: associated items `new`, `with_user_action`, `with_context`, `with_stack_trace`, and 
`to_json` are never used
  --> src\error_logging.rs:53:12
   |
51 | impl ErrorContext {
   | ----------------- associated items in this implementation
52 |     /// Creates a new empty error context
53 |     pub fn new() -> Self {
   |            ^^^
...
58 |     pub fn with_user_action(mut self, action: impl Into<String>) -> Self {
   |            ^^^^^^^^^^^^^^^^
...
64 |     pub fn with_context(mut self, key: impl Into<String>, value: impl Into<String>) -> Self {
   |            ^^^^^^^^^^^^
...
70 |     pub fn with_stack_trace(mut self, trace: impl Into<String>) -> Self {
   |            ^^^^^^^^^^^^^^^^
...
76 |     fn to_json(&self) -> String {
   |        ^^^^^^^

warning: function `log_error` is never used
   --> src\error_logging.rs:123:14
    |
123 | pub async fn log_error(db: &Database, error: &KiyyaError, context: ErrorContext) -> Result<()> 
{
    |              ^^^^^^^^^

warning: function `log_error_simple` is never used
   --> src\error_logging.rs:189:14
    |
189 | pub async fn log_error_simple(db: &Database, error: &KiyyaError) -> Result<()> {
    |              ^^^^^^^^^^^^^^^^

warning: function `mark_error_resolved` is never used
   --> src\error_logging.rs:194:14
    |
194 | pub async fn mark_error_resolved(db: &Database, error_id: i64) -> Result<()> {
    |              ^^^^^^^^^^^^^^^^^^^

warning: function `cleanup_old_errors` is never used
   --> src\error_logging.rs:341:14
    |
341 | pub async fn cleanup_old_errors(db: &Database, days_to_keep: u32) -> Result<u64> {
    |              ^^^^^^^^^^^^^^^^^^

warning: function `get_error_code` is never used
   --> src\error_logging.rs:363:4
    |
363 | fn get_error_code(error: &KiyyaError) -> Option<String> {
    |    ^^^^^^^^^^^^^^

warning: function `log_result_error` is never used
   --> src\error_logging.rs:399:14
    |
399 | pub async fn log_result_error<T>(
    |              ^^^^^^^^^^^^^^^^

warning: function `log_result_error_simple` is never used
   --> src\error_logging.rs:412:14
    |
412 | pub async fn log_result_error_simple<T>(result: Result<T>, db: &Database) -> Result<T> {
    |              ^^^^^^^^^^^^^^^^^^^^^^^

warning: field `current_gateway` is never read
  --> src\gateway.rs:22:5
   |
13 | pub struct GatewayClient {
   |            ------------- field in this struct
...
22 |     current_gateway: usize,
   |     ^^^^^^^^^^^^^^^

warning: struct `LoggingConfig` is never constructed
   --> src\logging.rs:142:12
    |
142 | pub struct LoggingConfig {
    |            ^^^^^^^^^^^^^

warning: function `init_logging_with_config` is never used
   --> src\logging.rs:161:8
    |
161 | pub fn init_logging_with_config(config: LoggingConfig) -> Result<(), Box<dyn 
std::error::Error>> {
    |        ^^^^^^^^^^^^^^^^^^^^^^^^

warning: methods `run_migrations_dry_run` and `validate_migration_sql` are never used
   --> src\migrations.rs:355:12
    |
 23 | impl MigrationRunner {
    | -------------------- methods in this implementation
...
355 |     pub fn run_migrations_dry_run(&self, conn: &Connection) -> Result<Vec<MigrationPlan>> {
    |            ^^^^^^^^^^^^^^^^^^^^^^
...
408 |     pub fn validate_migration_sql(&self, conn: &Connection, migration: &Migration) -> 
ValidationResult {
    |            ^^^^^^^^^^^^^^^^^^^^^^

warning: struct `MigrationPlan` is never constructed
   --> src\migrations.rs:482:12
    |
482 | pub struct MigrationPlan {
    |            ^^^^^^^^^^^^^

warning: enum `ValidationResult` is never used
   --> src\migrations.rs:491:10
    |
491 | pub enum ValidationResult {
    |          ^^^^^^^^^^^^^^^^

warning: function `get_migrations` is never used
   --> src\migrations.rs:889:8
    |
889 | pub fn get_migrations() -> Vec<(u32, &'static str)> {
    |        ^^^^^^^^^^^^^^

warning: struct `SeriesInfo` is never constructed
   --> src\models.rs:299:12
    |
299 | pub struct SeriesInfo {
    |            ^^^^^^^^^^

warning: struct `Season` is never constructed
   --> src\models.rs:307:12
    |
307 | pub struct Season {
    |            ^^^^^^

warning: struct `Episode` is never constructed
   --> src\models.rs:315:12
    |
315 | pub struct Episode {
    |            ^^^^^^^

warning: struct `ClaimSearchParams` is never constructed
   --> src\models.rs:444:12
    |
444 | pub struct ClaimSearchParams {
    |            ^^^^^^^^^^^^^^^^^

warning: struct `PlaylistSearchParams` is never constructed
   --> src\models.rs:454:12
    |
454 | pub struct PlaylistSearchParams {
    |            ^^^^^^^^^^^^^^^^^^^^

warning: struct `StreamOfflineRequest` is never constructed
   --> src\models.rs:479:12
    |
479 | pub struct StreamOfflineRequest {
    |            ^^^^^^^^^^^^^^^^^^^^

warning: struct `VersionManifest` is never constructed
   --> src\models.rs:492:12
    |
492 | pub struct VersionManifest {
    |            ^^^^^^^^^^^^^^^

warning: methods `is_emergency_disabled` and `validate` are never used
   --> src\models.rs:508:12
    |
506 | impl VersionManifest {
    | -------------------- methods in this implementation
507 |     /// Checks if emergency disable is active
508 |     pub fn is_emergency_disabled(&self) -> bool {
    |            ^^^^^^^^^^^^^^^^^^^^^
...
513 |     pub fn validate(&self) -> Result<()> {
    |            ^^^^^^^^

warning: struct `UpdateState` is never constructed
   --> src\models.rs:537:12
    |
537 | pub struct UpdateState {
    |            ^^^^^^^^^^^

warning: associated items `new`, `is_forced_update`, `is_update_available`, and `is_deferred` are 
never used
   --> src\models.rs:550:12
    |
548 | impl UpdateState {
    | ---------------- associated items in this implementation
549 |     /// Creates a new update state
550 |     pub fn new(current_version: String) -> Self {
    |            ^^^
...
564 |     pub fn is_forced_update(&self) -> bool {
    |            ^^^^^^^^^^^^^^^^
...
569 |     pub fn is_update_available(&self) -> bool {
    |            ^^^^^^^^^^^^^^^^^^^
...
574 |     pub fn is_deferred(&self) -> bool {
    |            ^^^^^^^^^^^

warning: struct `GatewayConfig` is never constructed
   --> src\models.rs:610:12
    |
610 | pub struct GatewayConfig {
    |            ^^^^^^^^^^^^^

warning: struct `RangeRequest` is never constructed
   --> src\models.rs:632:12
    |
632 | pub struct RangeRequest {
    |            ^^^^^^^^^^^^

warning: associated items `from_header`, `to_content_range`, `actual_end`, and `byte_count` are 
never used
   --> src\models.rs:639:12
    |
637 | impl RangeRequest {
    | ----------------- associated items in this implementation
638 |     /// Parses a Range header value
639 |     pub fn from_header(header: &str) -> Result<Self> {
    |            ^^^^^^^^^^^
...
679 |     pub fn to_content_range(&self, total_size: u64) -> String {
    |            ^^^^^^^^^^^^^^^^
...
687 |     pub fn actual_end(&self, file_size: u64) -> u64 {
    |            ^^^^^^^^^^
...
695 |     pub fn byte_count(&self, file_size: u64) -> u64 {
    |            ^^^^^^^^^^

warning: struct `Migration` is never constructed
   --> src\models.rs:702:12
    |
702 | pub struct Migration {
    |            ^^^^^^^^^

warning: associated items `new`, `mark_applied`, and `is_applied` are never used
   --> src\models.rs:711:12
    |
709 | impl Migration {
    | -------------- associated items in this implementation
710 |     /// Creates a new migration
711 |     pub fn new(version: u32, name: String, sql: String) -> Self {
    |            ^^^
...
721 |     pub fn mark_applied(&mut self) {
    |            ^^^^^^^^^^^^
...
726 |     pub fn is_applied(&self) -> bool {
    |            ^^^^^^^^^^

warning: constant `SERIES` is never used
   --> src\models.rs:734:15
    |
734 |     pub const SERIES: &str = "series";
    |               ^^^^^^

warning: constant `MOVIE` is never used
   --> src\models.rs:735:15
    |
735 |     pub const MOVIE: &str = "movie";
    |               ^^^^^

warning: constant `SITCOM` is never used
   --> src\models.rs:736:15
    |
736 |     pub const SITCOM: &str = "sitcom";
    |               ^^^^^^

warning: constant `KIDS` is never used
   --> src\models.rs:737:15
    |
737 |     pub const KIDS: &str = "kids";
    |               ^^^^

warning: constant `HERO_TRAILER` is never used
   --> src\models.rs:738:15
    |
738 |     pub const HERO_TRAILER: &str = "hero_trailer";
    |               ^^^^^^^^^^^^

warning: constant `COMEDY_MOVIES` is never used
   --> src\models.rs:741:15
    |
741 |     pub const COMEDY_MOVIES: &str = "comedy_movies";
    |               ^^^^^^^^^^^^^

warning: constant `ACTION_MOVIES` is never used
   --> src\models.rs:742:15
    |
742 |     pub const ACTION_MOVIES: &str = "action_movies";
    |               ^^^^^^^^^^^^^

warning: constant `ROMANCE_MOVIES` is never used
   --> src\models.rs:743:15
    |
743 |     pub const ROMANCE_MOVIES: &str = "romance_movies";
    |               ^^^^^^^^^^^^^^

warning: constant `COMEDY_SERIES` is never used
   --> src\models.rs:746:15
    |
746 |     pub const COMEDY_SERIES: &str = "comedy_series";
    |               ^^^^^^^^^^^^^

warning: constant `ACTION_SERIES` is never used
   --> src\models.rs:747:15
    |
747 |     pub const ACTION_SERIES: &str = "action_series";
    |               ^^^^^^^^^^^^^

warning: constant `ROMANCE_SERIES` is never used
   --> src\models.rs:748:15
    |
748 |     pub const ROMANCE_SERIES: &str = "romance_series";
    |               ^^^^^^^^^^^^^^

warning: constant `COMEDY_KIDS` is never used
   --> src\models.rs:751:15
    |
751 |     pub const COMEDY_KIDS: &str = "comedy_kids";
    |               ^^^^^^^^^^^

warning: constant `ACTION_KIDS` is never used
   --> src\models.rs:752:15
    |
752 |     pub const ACTION_KIDS: &str = "action_kids";
    |               ^^^^^^^^^^^

warning: constant `BASE_TAGS` is never used
   --> src\models.rs:755:15
    |
755 |     pub const BASE_TAGS: &[&str] = &[SERIES, MOVIE, SITCOM, KIDS, HERO_TRAILER];
    |               ^^^^^^^^^

warning: constant `FILTER_TAGS` is never used
   --> src\models.rs:758:15
    |
758 |     pub const FILTER_TAGS: &[&str] = &[
    |               ^^^^^^^^^^^

warning: function `is_base_tag` is never used
   --> src\models.rs:770:12
    |
770 |     pub fn is_base_tag(tag: &str) -> bool {
    |            ^^^^^^^^^^^

warning: function `is_filter_tag` is never used
   --> src\models.rs:775:12
    |
775 |     pub fn is_filter_tag(tag: &str) -> bool {
    |            ^^^^^^^^^^^^^

warning: function `base_tag_for_filter` is never used
   --> src\models.rs:780:12
    |
780 |     pub fn base_tag_for_filter(filter_tag: &str) -> Option<&'static str> {
    |            ^^^^^^^^^^^^^^^^^^^

warning: constant `QUALITY_LEVELS` is never used
   --> src\models.rs:793:15
    |
793 |     pub const QUALITY_LEVELS: &[&str] = &["master"];
    |               ^^^^^^^^^^^^^^

warning: function `is_valid_quality` is never used
   --> src\models.rs:796:12
    |
796 |     pub fn is_valid_quality(quality: &str) -> bool {
    |            ^^^^^^^^^^^^^^^^

warning: function `next_lower_quality` is never used
   --> src\models.rs:801:12
    |
801 |     pub fn next_lower_quality(_current: &str) -> Option<&'static str> {
    |            ^^^^^^^^^^^^^^^^^^

warning: function `quality_score` is never used
   --> src\models.rs:806:12
    |
806 |     pub fn quality_score(quality: &str) -> u32 {
    |            ^^^^^^^^^^^^^

warning: static `SERIES_REGEX` is never used
   --> src\models.rs:820:12
    |
820 |     static SERIES_REGEX: OnceLock<Regex> = OnceLock::new();
    |            ^^^^^^^^^^^^

warning: function `get_series_regex` is never used
   --> src\models.rs:823:8
    |
823 |     fn get_series_regex() -> &'static Regex {
    |        ^^^^^^^^^^^^^^^^

warning: struct `ParsedSeries` is never constructed
   --> src\models.rs:830:16
    |
830 |     pub struct ParsedSeries {
    |                ^^^^^^^^^^^^

warning: function `parse_series_title` is never used
   --> src\models.rs:838:12
    |
838 |     pub fn parse_series_title(title: &str) -> Option<ParsedSeries> {
    |            ^^^^^^^^^^^^^^^^^^

warning: function `generate_series_key` is never used
   --> src\models.rs:859:12
    |
859 |     pub fn generate_series_key(series_name: &str) -> String {
    |            ^^^^^^^^^^^^^^^^^^^

warning: struct `Version` is never constructed
   --> src\models.rs:877:16
    |
877 |     pub struct Version {
    |                ^^^^^^^

warning: associated items `parse`, `to_string`, `compare`, `is_greater`, and `is_less` are never used
   --> src\models.rs:885:16
    |
883 |     impl Version {
    |     ------------ associated items in this implementation
884 |         /// Parses a version string in format "major.minor.patch"
885 |         pub fn parse(version_str: &str) -> Result<Self> {
    |                ^^^^^
...
919 |         pub fn to_string(&self) -> String {
    |                ^^^^^^^^^
...
928 |         pub fn compare(v1: &str, v2: &str) -> Result<std::cmp::Ordering> {
    |                ^^^^^^^
...
935 |         pub fn is_greater(v1: &str, v2: &str) -> Result<bool> {
    |                ^^^^^^^^^^
...
940 |         pub fn is_less(v1: &str, v2: &str) -> Result<bool> {
    |                ^^^^^^^

warning: variants `PathViolation`, `EncryptionKeyOperation`, `AuthenticationFailure`, 
`AuthorizationFailure`, and `SuspiciousActivity` are never constructed
   --> src\security_logging.rs:50:5
    |
 48 | pub enum SecurityEvent {
    |          ------------- variants in this enum
 49 |     /// Path security violation - attempt to access files outside app data directory
 50 |     PathViolation {
    |     ^^^^^^^^^^^^^
...
 77 |     EncryptionKeyOperation {
    |     ^^^^^^^^^^^^^^^^^^^^^^
...
 84 |     AuthenticationFailure { reason: String, source: String },
    |     ^^^^^^^^^^^^^^^^^^^^^
...
 87 |     AuthorizationFailure {
    |     ^^^^^^^^^^^^^^^^^^^^
...
100 |     SuspiciousActivity {
    |     ^^^^^^^^^^^^^^^^^^
    |
    = note: `SecurityEvent` has derived impls for the traits `Clone` and `Debug`, but these are 
intentionally ignored during dead code analysis

warning: function `log_security_events` is never used
   --> src\security_logging.rs:313:8
    |
313 | pub fn log_security_events(events: Vec<SecurityEvent>) {
    |        ^^^^^^^^^^^^^^^^^^^

warning: `kiyya-desktop` (bin "kiyya-desktop") generated 79 warnings (run `cargo fix --bin 
"kiyya-desktop" -p kiyya-desktop` to apply 5 suggestions)
    Finished `dev` profile [unoptimized + debuginfo] target(s) in 6.15s
