cargo : warning: unused import: `crate::gateway::GatewayClient`
At line:1 char:1
+ cargo test --manifest-path src-tauri/Cargo.toml 2>&1 | Tee-Object -Fi ...
+ ~~~~~~~~~~~~~~~~~~~~~~~~~~~~~~~~~~~~~~~~~~~~~~~~~~~~
    + CategoryInfo          : NotSpecified: (warning: unused...:GatewayClient`:String) [], 
    RemoteException
    + FullyQualifiedErrorId : NativeCommandError
 
 --> src\commands.rs:3:5
  |
3 | use crate::gateway::GatewayClient;
  |     ^^^^^^^^^^^^^^^^^^^^^^^^^^^^^
  |
  = note: `#[warn(unused_imports)]` (part of `#[warn(unused)]`) on by default

warning: unused import: `crate::database::Database`
 --> src\commands.rs:4:5
  |
4 | use crate::database::Database;
  |     ^^^^^^^^^^^^^^^^^^^^^^^^^

warning: unused import: `crate::download::DownloadManager`
 --> src\commands.rs:5:5
  |
5 | use crate::download::DownloadManager;
  |     ^^^^^^^^^^^^^^^^^^^^^^^^^^^^^^^^

warning: unused import: `crate::server::LocalServer`
 --> src\commands.rs:6:5
  |
6 | use crate::server::LocalServer;
  |     ^^^^^^^^^^^^^^^^^^^^^^^^^^

warning: duplicated attribute
    --> src\commands.rs:2120:5
     |
2120 |     #[test]
     |     ^^^^^^^
     |
     = note: `#[warn(duplicate_macro_attributes)]` on by default

warning: duplicated attribute
    --> src\commands.rs:2122:5
     |
2122 |     #[test]
     |     ^^^^^^^

warning: duplicated attribute
    --> src\commands.rs:2124:5
     |
2124 |     #[test]
     |     ^^^^^^^

warning: duplicated attribute
    --> src\commands.rs:2126:5
     |
2126 |     #[test]
     |     ^^^^^^^

warning: duplicated attribute
    --> src\commands.rs:2128:5
     |
2128 |     #[test]
     |     ^^^^^^^

warning: duplicated attribute
    --> src\commands.rs:2130:5
     |
2130 |     #[test]
     |     ^^^^^^^

warning: duplicated attribute
    --> src\commands.rs:2132:5
     |
2132 |     #[test]
     |     ^^^^^^^

warning: duplicated attribute
    --> src\commands.rs:2134:5
     |
2134 |     #[test]
     |     ^^^^^^^

warning: duplicated attribute
    --> src\commands.rs:2136:5
     |
2136 |     #[test]
     |     ^^^^^^^

warning: duplicated attribute
    --> src\commands.rs:2138:5
     |
2138 |     #[test]
     |     ^^^^^^^

warning: duplicated attribute
    --> src\commands.rs:2140:5
     |
2140 |     #[test]
     |     ^^^^^^^

warning: duplicated attribute
    --> src\commands.rs:2142:5
     |
2142 |     #[test]
     |     ^^^^^^^

warning: duplicated attribute
    --> src\commands.rs:2144:5
     |
2144 |     #[test]
     |     ^^^^^^^

warning: duplicated attribute
    --> src\commands.rs:2146:5
     |
2146 |     #[test]
     |     ^^^^^^^

warning: duplicated attribute
    --> src\commands.rs:2148:5
     |
2148 |     #[test]
     |     ^^^^^^^

warning: duplicated attribute
    --> src\commands.rs:2150:5
     |
2150 |     #[test]
     |     ^^^^^^^

warning: duplicated attribute
    --> src\commands.rs:2154:5
     |
2154 |     #[test]
     |     ^^^^^^^

warning: unnecessary parentheses around block return value
   --> src\download.rs:580:13
    |
580 |             ((total_bytes as f64 / (total_duration_ms as f64 / 1000.0)) as u64)
    |             ^                                                                 ^
    |
    = note: `#[warn(unused_parens)]` (part of `#[warn(unused)]`) on by default
help: remove these parentheses
    |
580 -             ((total_bytes as f64 / (total_duration_ms as f64 / 1000.0)) as u64)
580 +             (total_bytes as f64 / (total_duration_ms as f64 / 1000.0)) as u64 
    |

warning: unused import: `create_dir_all`
   --> src\download.rs:615:28
    |
615 |     use tokio::fs::{write, create_dir_all};
    |                            ^^^^^^^^^^^^^^

warning: unused imports: `Duration` and `sleep`
   --> src\server.rs:644:27
    |
644 |         use tokio::time::{sleep, Duration};
    |                           ^^^^^  ^^^^^^^^

warning: unused imports: `DateTime` and `Utc`
 --> src\models.rs:4:14
  |
4 | use chrono::{DateTime, Utc};
  |              ^^^^^^^^  ^^^

warning: unused import: `uuid::Uuid`
 --> src\models.rs:5:5
  |
5 | use uuid::Uuid;
  |     ^^^^^^^^^^

warning: duplicated attribute
   --> src\models.rs:995:5
    |
995 |     #[test]
    |     ^^^^^^^

warning: unused import: `std::fs`
   --> src\logging.rs:252:9
    |
252 |     use std::fs;
    |         ^^^^^^^

warning: unused imports: `SecurityEvent` and `log_security_event`
  --> src\path_security.rs:23:31
   |
23 | use crate::security_logging::{log_security_event, SecurityEvent};
   |                               ^^^^^^^^^^^^^^^^^^  ^^^^^^^^^^^^^

warning: unused import: `std::fs`
 --> src\logging_test.rs:2:5
  |
2 | use std::fs;
  |     ^^^^^^^

warning: unused import: `std::path::PathBuf`
  --> src\filesystem_access_test.rs:21:9
   |
21 |     use std::path::PathBuf;
   |         ^^^^^^^^^^^^^^^^^^

warning: unused import: `build_cdn_playback_url`
  --> src\valid_claim_id_property_test.rs:17:45
   |
17 |     use crate::commands::{parse_claim_item, build_cdn_playback_url, get_cdn_gateway};
   |                                             ^^^^^^^^^^^^^^^^^^^^^^

warning: unused import: `MigrationInfo`
 --> src\migrations_error_handling_test.rs:4:53
  |
4 | use crate::migrations::{MigrationRunner, Migration, MigrationInfo};
  |                                                     ^^^^^^^^^^^^^

warning: unused import: `KiyyaError`
 --> src\migrations_error_handling_test.rs:5:20
  |
5 | use crate::error::{KiyyaError, ErrorContext};
  |                    ^^^^^^^^^^

warning: unused import: `std::path::Path`
 --> src\diagnostics_test.rs:6:5
  |
6 | use std::path::Path;
  |     ^^^^^^^^^^^^^^^

warning: unused import: `crate::database::Database`
  --> src\migration_property_test.rs:10:9
   |
10 |     use crate::database::Database;
   |         ^^^^^^^^^^^^^^^^^^^^^^^^^

warning: unused import: `futures_util::StreamExt`
 --> src\download.rs:9:5
  |
9 | use futures_util::StreamExt;
  |     ^^^^^^^^^^^^^^^^^^^^^^^

warning: value assigned to `param_index` is never read
   --> src\database.rs:778:21
    |
778 |                     param_index += 2;
    |                     ^^^^^^^^^^^^^^^^
    |
    = help: maybe it is overwritten before being read?
    = note: `#[warn(unused_assignments)]` (part of `#[warn(unused)]`) on by default

warning: value assigned to `last_error` is never read
  --> src\gateway.rs:67:30
   |
67 |         let mut last_error = None;
   |                              ^^^^
   |
   = help: maybe it is overwritten before being read?

warning: unused variable: `cache_ttl`
   --> src\database.rs:631:13
    |
631 |         let cache_ttl = self.cache_ttl_seconds;
    |             ^^^^^^^^^ help: if this is intentional, prefix it with an underscore: 
`_cache_ttl`
    |
    = note: `#[warn(unused_variables)]` (part of `#[warn(unused)]`) on by default

warning: unused variable: `cache_ttl`
    --> src\database.rs:1947:13
     |
1947 |         let cache_ttl = self.cache_ttl_seconds;
     |             ^^^^^^^^^ help: if this is intentional, prefix it with an underscore: 
`_cache_ttl`

warning: variable does not need to be mutable
   --> src\gateway.rs:806:13
    |
806 |         let mut client = GatewayClient::new();
    |             ----^^^^^^
    |             |
    |             help: remove this `mut`
    |
    = note: `#[warn(unused_mut)]` (part of `#[warn(unused)]`) on by default

warning: unused variable: `supports_range`
   --> src\download.rs:789:39
    |
789 |             Ok((content_length, etag, supports_range)) => {
    |                                       ^^^^^^^^^^^^^^ help: if this is intentional, 
prefix it with an underscore: `_supports_range`

warning: unused variable: `encrypted_file_size`
   --> src\server.rs:907:13
    |
907 |         let encrypted_file_size = tokio::fs::metadata(&encrypted_file).await.unwra...
    |             ^^^^^^^^^^^^^^^^^^^ help: if this is intentional, prefix it with an 
underscore: `_encrypted_file_size`

warning: unused variable: `original_error_msg`
   --> src\migrations_error_handling_test.rs:642:17
    |
642 |             let original_error_msg = error.to_string();
    |                 ^^^^^^^^^^^^^^^^^^ help: if this is intentional, prefix it with an 
underscore: `_original_error_msg`

warning: unused variable: `db`
  --> src\database_initialization_test.rs:95:14
   |
95 |         let (db, db_path) = create_test_db().await;
   |              ^^ help: if this is intentional, prefix it with an underscore: `_db`

warning: unused variable: `db`
  --> src\database_optimization_test.rs:39:14
   |
39 |         let (db, _temp_dir, db_path) = create_test_database_with_ttl(30 * 60);
   |              ^^ help: if this is intentional, prefix it with an underscore: `_db`

warning: unused variable: `db`
  --> src\encryption_key_management_test.rs:87:13
   |
87 |         let db = Database::new_with_path(&db_path).await.unwrap();
   |             ^^ help: if this is intentional, prefix it with an underscore: `_db`

warning: unused variable: `db`
   --> src\migration_older_db_test.rs:291:13
    |
291 |         let db = Database::new_with_path(&db_path)
    |             ^^ help: if this is intentional, prefix it with an underscore: `_db`

warning: unused variable: `db`
   --> src\migration_older_db_test.rs:358:13
    |
358 |         let db = Database::new_with_path(&db_path)
    |             ^^ help: if this is intentional, prefix it with an underscore: `_db`

warning: unused variable: `db`
   --> src\migration_older_db_test.rs:432:13
    |
432 |         let db = Database::new_with_path(&db_path)
    |             ^^ help: if this is intentional, prefix it with an underscore: `_db`

warning: unused variable: `db`
   --> src\migration_older_db_test.rs:517:13
    |
517 |         let db = Database::new_with_path(&db_path)
    |             ^^ help: if this is intentional, prefix it with an underscore: `_db`

warning: unused variable: `db`
   --> src\migration_older_db_test.rs:588:13
    |
588 |         let db = Database::new_with_path(&db_path)
    |             ^^ help: if this is intentional, prefix it with an underscore: `_db`

warning: unused variable: `db`
   --> src\migration_older_db_test.rs:628:13
    |
628 |         let db = Database::new_with_path(&db_path)
    |             ^^ help: if this is intentional, prefix it with an underscore: `_db`

warning: unused variable: `db`
   --> src\migration_older_db_test.rs:692:13
    |
692 |         let db = Database::new_with_path(&db_path)
    |             ^^ help: if this is intentional, prefix it with an underscore: `_db`

warning: method `get_content_length` is never used
   --> src\download.rs:490:14
    |
 25 | impl DownloadManager {
    | -------------------- method in this implementation
...
490 |     async fn get_content_length(&self, url: &str) -> Result<Option<u64>> {
    |              ^^^^^^^^^^^^^^^^^^
    |
    = note: `#[warn(dead_code)]` (part of `#[warn(unused)]`) on by default

warning: field `vault_path` is never read
  --> src\server.rs:17:5
   |
15 | pub struct LocalServer {
   |            ----------- field in this struct
16 |     port: Option<u16>,
17 |     vault_path: PathBuf,
   |     ^^^^^^^^^^

warning: field `encrypted_size` is never read
  --> src\encryption.rs:20:5
   |
18 | struct ChunkInfo {
   |        --------- field in this struct
19 |     file_offset: u64,

running 665 tests
20 |     encrypted_size: u64,
   |     ^^^^^^^^^^^^^^
test api_parsing_test::api_parsing_tests::test_parse_claim_item_completely_empty ... ok
test api_parsing_test::api_parsing_tests::test_parse_claim_item_empty_streams_array ... ok
   |
   = note: `ChunkInfo` has derived impls for the traits `Clone` and `Debug`, but these are 
intentionally ignored during dead code analysis
test api_parsing_test::api_parsing_tests::test_parse_claim_item_empty_claim_id ... ok
test api_parsing_test::api_parsing_tests::test_parse_claim_item_empty_thumbnail_url ... ok
test api_parsing_test::api_parsing_tests::test_parse_claim_item_empty_title ... ok
test api_parsing_test::api_parsing_tests::test_parse_claim_item_invalid_thumbnail_url ... ok

warning: struct `SeriesInfo` is never constructed
test api_parsing_test::api_parsing_tests::test_parse_claim_item_malformed_duration ... ok
test api_parsing_test::api_parsing_tests::test_parse_claim_item_malformed_tags ... ok
test api_parsing_test::api_parsing_tests::test_parse_claim_item_malformed_stream_entry ... ok
   --> src\models.rs:280:12
    |
280 | pub struct SeriesInfo {
test api_parsing_test::api_parsing_tests::test_parse_claim_item_missing_claim_id ... ok
test api_parsing_test::api_parsing_tests::test_parse_claim_item_missing_title ... ok
    |            ^^^^^^^^^^

warning: struct `Season` is never constructed
   --> src\models.rs:288:12
test api_parsing_test::api_parsing_tests::test_parse_claim_item_missing_video_urls ... ok
test api_parsing_test::api_parsing_tests::test_parse_claim_item_mixed_valid_invalid_streams ... ok
test api_parsing_test::api_parsing_tests::test_parse_claim_item_multiple_url_sources ... ok
    |
test api_parsing_test::api_parsing_tests::test_parse_claim_item_missing_value_object ... ok
test api_parsing_test::api_parsing_tests::test_parse_claim_item_null_claim_id ... ok
288 | pub struct Season {
    |            ^^^^^^

warning: struct `Episode` is never constructed
test api_parsing_test::api_parsing_tests::test_parse_claim_item_nested_value_objects ... ok
test api_parsing_test::api_parsing_tests::test_parse_claim_item_null_release_time ... ok
test api_parsing_test::api_parsing_tests::test_parse_claim_item_negative_duration ... ok
test api_parsing_test::api_parsing_tests::test_parse_claim_item_null_value ... ok
test api_parsing_test::api_parsing_tests::test_parse_claim_item_tags_with_empty_strings ... ok
   --> src\models.rs:296:12
    |
296 | pub struct Episode {
    |            ^^^^^^^
test api_parsing_test::api_parsing_tests::test_parse_claim_item_tags_with_nulls ... ok
test api_parsing_test::api_parsing_tests::test_parse_claim_item_null_title ... ok
test api_parsing_test::api_parsing_tests::test_parse_claim_item_unicode_in_title ... ok
test api_parsing_test::api_parsing_tests::test_parse_claim_search_response_empty_items ... ok
test api_parsing_test::api_parsing_tests::test_parse_claim_search_response_items_not_array ... ok

warning: struct `ClaimSearchParams` is never constructed
   --> src\models.rs:425:12
    |
test api_parsing_test::api_parsing_tests::test_parse_claim_item_very_long_title ... ok
test api_parsing_test::api_parsing_tests::test_parse_claim_search_response_missing_items_array ... ok
test api_parsing_test::api_parsing_tests::test_parse_claim_search_response_missing_data ... ok
test api_parsing_test::api_parsing_tests::test_parse_playlist_item_empty_claim_id ... ok
425 | pub struct ClaimSearchParams {
    |            ^^^^^^^^^^^^^^^^^

test api_parsing_test::api_parsing_tests::test_parse_playlist_item_missing_claim_id ... ok
test api_parsing_test::api_parsing_tests::test_parse_claim_search_response_partial_valid_items ... ok
warning: struct `PlaylistSearchParams` is never constructed
   --> src\models.rs:435:12
    |
test api_parsing_test::api_parsing_tests::test_parse_playlist_search_response_missing_data ... ok
test api_parsing_test::api_parsing_tests::test_parse_claim_item_very_large_tags_array ... ok
test api_parsing_test::api_parsing_tests::test_parse_playlist_item_null_title ... ok
435 | pub struct PlaylistSearchParams {
    |            ^^^^^^^^^^^^^^^^^^^^

test api_parsing_test::api_parsing_tests::test_parse_resolve_response_missing_data ... ok
test api_parsing_test::api_parsing_tests::test_parse_playlist_item_missing_title ... ok
test api_parsing_test::api_parsing_tests::test_parse_resolve_response_invalid_claim_data ... ok
test api_parsing_test::api_parsing_tests::test_parse_playlist_search_response_partial_valid_playlists ... ok
warning: struct `StreamOfflineRequest` is never constructed
   --> src\models.rs:460:12
    |
460 | pub struct StreamOfflineRequest {
    |            ^^^^^^^^^^^^^^^^^^^^

warning: method `validate` is never used
   --> src\models.rs:494:12
    |
487 | impl VersionManifest {
    | -------------------- method in this implementation
...
494 |     pub fn validate(&self) -> Result<()> {
    |            ^^^^^^^^

warning: struct `UpdateState` is never constructed
   --> src\models.rs:509:12
    |
509 | pub struct UpdateState {
    |            ^^^^^^^^^^^

warning: associated items `new`, `is_forced_update`, `is_update_available`, and 
`is_deferred` are never used
   --> src\models.rs:522:12
    |
520 | impl UpdateState {
    | ---------------- associated items in this implementation
521 |     /// Creates a new update state
522 |     pub fn new(current_version: String) -> Self {
    |            ^^^
...
536 |     pub fn is_forced_update(&self) -> bool {
    |            ^^^^^^^^^^^^^^^^
...
541 |     pub fn is_update_available(&self) -> bool {
    |            ^^^^^^^^^^^^^^^^^^^
...
546 |     pub fn is_deferred(&self) -> bool {
    |            ^^^^^^^^^^^

warning: struct `GatewayConfig` is never constructed
   --> src\models.rs:582:12
    |
582 | pub struct GatewayConfig {
    |            ^^^^^^^^^^^^^

warning: methods `to_content_range`, `actual_end`, and `byte_count` are never used
   --> src\models.rs:641:12
    |
609 | impl RangeRequest {
    | ----------------- methods in this implementation
...
641 |     pub fn to_content_range(&self, total_size: u64) -> String {
    |            ^^^^^^^^^^^^^^^^
...
649 |     pub fn actual_end(&self, file_size: u64) -> u64 {
    |            ^^^^^^^^^^
...
657 |     pub fn byte_count(&self, file_size: u64) -> u64 {
    |            ^^^^^^^^^^

warning: struct `EncryptionConfig` is never constructed
   --> src\models.rs:665:12
    |
665 | pub struct EncryptionConfig {
    |            ^^^^^^^^^^^^^^^^

warning: struct `Migration` is never constructed
   --> src\models.rs:685:12
    |
685 | pub struct Migration {
    |            ^^^^^^^^^

warning: associated items `new`, `mark_applied`, and `is_applied` are never used
   --> src\models.rs:694:12
    |
692 | impl Migration {
    | -------------- associated items in this implementation
693 |     /// Creates a new migration
694 |     pub fn new(version: u32, name: String, sql: String) -> Self {
    |            ^^^
...
704 |     pub fn mark_applied(&mut self) {
    |            ^^^^^^^^^^^^
...
709 |     pub fn is_applied(&self) -> bool {
    |            ^^^^^^^^^^

warning: function `generate_series_key` is never used
   --> src\models.rs:838:12
    |
838 |     pub fn generate_series_key(series_name: &str) -> String {
    |            ^^^^^^^^^^^^^^^^^^^

warning: method `to_string` is never used
   --> src\models.rs:891:16
    |
862 |     impl Version {
    |     ------------ method in this implementation
...
891 |         pub fn to_string(&self) -> String {
    |                ^^^^^^^^^

warning: method `with_stack_trace` is never used
  --> src\error_logging.rs:70:12
   |
51 | impl ErrorContext {
   | ----------------- method in this implementation
...
70 |     pub fn with_stack_trace(mut self, trace: impl Into<String>) -> Self {
   |            ^^^^^^^^^^^^^^^^

warning: function `log_result_error` is never used
   --> src\error_logging.rs:397:14
    |
397 | pub async fn log_result_error<T>(
    |              ^^^^^^^^^^^^^^^^

warning: function `log_result_error_simple` is never used
   --> src\error_logging.rs:410:14
    |
410 | pub async fn log_result_error_simple<T>(
    |              ^^^^^^^^^^^^^^^^^^^^^^^

warning: function `get_migrations` is never used
   --> src\migrations.rs:683:8
    |
683 | pub fn get_migrations() -> Vec<(u32, &'static str)> {
    |        ^^^^^^^^^^^^^^

warning: function `init_logging_with_config` is never used
   --> src\logging.rs:162:8
    |
162 | pub fn init_logging_with_config(config: LoggingConfig) -> Result<(), Box<dyn std::...
    |        ^^^^^^^^^^^^^^^^^^^^^^^^

warning: variants `AuthenticationFailure` and `AuthorizationFailure` are never constructed
  --> src\security_logging.rs:84:5
   |
48 | pub enum SecurityEvent {
   |          ------------- variants in this enum
...
84 |     AuthenticationFailure {
   |     ^^^^^^^^^^^^^^^^^^^^^
...
90 |     AuthorizationFailure {
   |     ^^^^^^^^^^^^^^^^^^^^
   |
   = note: `SecurityEvent` has derived impls for the traits `Clone` and `Debug`, but these 
are intentionally ignored during dead code analysis

warning: function `migration_version_strategy` is never used
  --> src\migration_property_test.rs:77:8
   |
77 |     fn migration_version_strategy() -> impl Strategy<Value = u32> {
   |        ^^^^^^^^^^^^^^^^^^^^^^^^^^

warning: comparison is useless due to type limits
    --> src\database.rs:2627:17
     |
2627 |         assert!(version >= 0, "Database version should be non-negative");
     |                 ^^^^^^^^^^^^
     |
     = note: `#[warn(unused_comparisons)]` on by default

warning: comparison is useless due to type limits
   --> src\integration_test.rs:386:21
    |
386 |             assert!(favorites.len() >= 0, "Database should be operational");
    |                     ^^^^^^^^^^^^^^^^^^^^

warning: `kiyya-desktop` (bin "kiyya-desktop" test) generated 83 warnings (run `cargo fix 
--bin "kiyya-desktop" -p kiyya-desktop --tests` to apply 34 suggestions)
    Finished `test` profile [unoptimized + debuginfo] target(s) in 3.53s
     Running unittests src\main.rs 
(src-tauri\target\debug\deps\kiyya_desktop-6606bec46a6d751c.exe)
test cache_ttl_property_test::cache_ttl_property_tests::prop_cache_stats_updated_correctly ... ok
test cache_ttl_property_test::cache_ttl_property_tests::prop_content_within_ttl_returned_from_cache ... ok
test cache_ttl_property_test::cache_ttl_property_tests::prop_content_beyond_ttl_not_returned ... ok
test cdn_builder_determinism_property_test::cdn_builder_determinism_tests::prop_cdn_url_consistent_across_claim_ids ... ok
test cdn_builder_determinism_property_test::cdn_builder_determinism_tests::prop_cdn_url_default_gateway ... ok
test cdn_builder_determinism_property_test::cdn_builder_determinism_tests::prop_cdn_url_deterministic ... ok
test cdn_builder_determinism_property_test::cdn_builder_determinism_tests::prop_cdn_url_format_consistent ... ok
test cdn_builder_determinism_property_test::cdn_builder_determinism_tests::prop_cdn_url_idempotent_custom_gateway ... ok
test cdn_builder_determinism_property_test::cdn_builder_determinism_tests::prop_cdn_url_idempotent_default_gateway ... ok
test cdn_builder_determinism_property_test::cdn_builder_determinism_tests::prop_cdn_url_independent_of_call_order ... ok
test cdn_builder_determinism_property_test::cdn_builder_determinism_tests::prop_cdn_url_no_side_effects ... ok
test cdn_builder_determinism_property_test::cdn_builder_determinism_tests::prop_cdn_url_preserves_claim_id ... ok
test cdn_builder_determinism_property_test::cdn_builder_determinism_tests::prop_cdn_url_thread_safe ... ok
test channel_id_format_validation_property_test::channel_id_format_validation_tests::prop_at_followed_by_any_char_is_valid ... ok
test channel_id_format_validation_property_test::channel_id_format_validation_tests::prop_at_symbol_only_is_valid ... ok
test channel_id_format_validation_property_test::channel_id_format_validation_tests::prop_empty_or_whitespace_fails ... ok
test channel_id_format_validation_property_test::channel_id_format_validation_tests::prop_not_starting_with_at_fails ... ok
test channel_id_format_validation_property_test::channel_id_format_validation_tests::prop_null_bytes_always_fail ... ok
test channel_id_format_validation_property_test::channel_id_format_validation_tests::prop_valid_format_passes ... ok
test channel_id_format_validation_property_test::channel_id_format_validation_tests::prop_validation_bidirectional ... ok
test channel_id_format_validation_property_test::channel_id_format_validation_tests::prop_validation_case_insensitive ... ok
test cache_ttl_property_test::cache_ttl_property_tests::prop_cleanup_removes_only_expired_items ... ok
test channel_id_format_validation_property_test::channel_id_format_validation_tests::prop_validation_iff_starts_with_at_and_non_empty ... ok
test channel_id_format_validation_property_test::channel_id_format_validation_tests::prop_validation_length_independent ... ok
test channel_id_format_validation_property_test::channel_id_format_validation_tests::prop_validation_matches_specification ... ok
test channel_id_parameter_property_test::channel_id_parameter_tests::prop_channel_id_validation_consistency ... ok
test channel_id_parameter_property_test::channel_id_parameter_tests::prop_channel_id_validation_deterministic ... ok
test channel_id_parameter_property_test::channel_id_parameter_tests::prop_channel_id_validation_independent_of_env ... ok
test channel_id_parameter_property_test::channel_id_parameter_tests::prop_channel_id_validation_preserves_value ... ok
test channel_id_parameter_property_test::channel_id_parameter_tests::prop_channel_id_validation_thread_safe ... ok
test channel_id_parameter_property_test::channel_id_parameter_tests::prop_channel_id_with_special_chars ... ok
test channel_id_format_validation_property_test::channel_id_format_validation_tests::prop_validation_is_consistent ... ok
test channel_id_parameter_property_test::channel_id_parameter_tests::prop_valid_channel_ids_pass_validation ... ok
test channel_id_parameter_property_test::channel_id_parameter_tests::prop_multiple_channel_ids_validate_independently ... ok
test channel_id_parameter_property_test::invalid_channel_id_rejection_tests::prop_channel_ids_with_at_in_middle_fail ... ok
test channel_id_parameter_property_test::invalid_channel_id_rejection_tests::prop_channel_ids_with_null_bytes_fail ... ok
test channel_id_parameter_property_test::invalid_channel_id_rejection_tests::prop_empty_channel_ids_fail_validation ... ok
test channel_id_parameter_property_test::invalid_channel_id_rejection_tests::prop_channel_ids_without_at_symbol_fail ... ok
test channel_id_parameter_property_test::invalid_channel_id_rejection_tests::prop_invalid_channel_id_validation_consistency ... ok
test channel_id_parameter_property_test::invalid_channel_id_rejection_tests::prop_invalid_channel_id_validation_independent_of_env ... ok
test channel_id_parameter_property_test::invalid_channel_id_rejection_tests::prop_invalid_channel_id_validation_deterministic ... ok
test channel_id_parameter_property_test::invalid_channel_id_rejection_tests::prop_invalid_channel_ids_fail_validation ... ok
test channel_id_parameter_property_test::invalid_channel_id_rejection_tests::prop_invalid_channel_id_validation_thread_safe ... ok
test commands::tests::test_assess_compatibility ... ok
test commands::tests::test_build_cdn_playback_url_format ... ok
test commands::tests::test_build_cdn_playback_url_idempotent ... ok
test commands::tests::test_build_cdn_playback_url_with_custom_gateway ... ok
test commands::tests::test_build_cdn_playback_url_with_default_gateway ... ok
test commands::tests::test_build_cdn_playback_url_with_special_characters ... ok
test commands::tests::test_extract_claim_id ... ok
test commands::tests::test_extract_claim_id_missing ... ok
test commands::tests::test_extract_description ... ok
test commands::tests::test_extract_duration ... ok
test commands::tests::test_extract_release_time ... ok
test commands::tests::test_extract_season_number_from_title ... ok
test commands::tests::test_extract_series_key_from_title ... ok
test commands::tests::test_extract_tags ... ok
test commands::tests::test_extract_thumbnail_url ... ok
test commands::tests::test_extract_title ... ok
test commands::tests::test_extract_video_urls ... ok
test commands::tests::test_gateway_configuration_default_fallback ... ok
test commands::tests::test_gateway_configuration_immutability ... ok
test commands::tests::test_gateway_configuration_validation ... ok
test commands::tests::test_gateway_configuration_with_custom_valid_gateway ... ok
test commands::tests::test_gateway_configuration_with_env_var_not_set ... ok
test commands::tests::test_gateway_configuration_with_env_var_set ... ok
test commands::tests::test_get_cdn_gateway_is_consistent ... ok
test commands::tests::test_get_cdn_gateway_returns_valid_url ... ok
test commands::tests::test_parse_claim_item ... ok
test commands::tests::test_parse_claim_item_cdn_url_format ... ok
test commands::tests::test_parse_claim_item_error_empty_claim_id ... ok
test commands::tests::test_parse_claim_item_error_missing_claim_id ... ok
test commands::tests::test_parse_claim_item_error_non_stream_channel ... ok
test commands::tests::test_parse_claim_item_error_non_stream_collection ... ok
test commands::tests::test_parse_claim_item_error_non_stream_repost ... ok
test commands::tests::test_parse_claim_item_ignores_direct_urls ... ok
test commands::tests::test_parse_claim_item_infers_stream_from_sd_hash ... ok
test commands::tests::test_parse_claim_item_malformed ... ok
test commands::tests::test_parse_claim_item_minimal ... ok
test commands::tests::test_parse_claim_item_missing_title ... ok
test commands::tests::test_parse_claim_item_response_structure ... ok
test commands::tests::test_parse_claim_item_successful_with_all_fields ... ok
test commands::tests::test_parse_claim_item_successful_with_minimal_fields ... ok
test commands::tests::test_parse_claim_search_response ... ok
test commands::tests::test_parse_claim_search_response_no_data ... ok
test commands::tests::test_parse_claim_search_response_no_items ... ok
test commands::tests::test_parse_claim_search_response_with_malformed_items ... ok
test commands::tests::test_parse_playlist_item ... ok
test commands::tests::test_parse_playlist_item_without_season ... ok
test commands::tests::test_parse_playlist_search_response ... ok
test commands::tests::test_parse_playlist_search_response_empty ... ok
test commands::tests::test_parse_playlist_search_response_no_data ... ok
test commands::tests::test_parse_playlist_search_response_with_malformed_items ... ok
test commands::tests::test_sanitize_gateway_rejects_http ... ok
test commands::tests::test_sanitize_gateway_rejects_malformed_url ... ok
test commands::tests::test_sanitize_gateway_removes_trailing_slash ... ok
test commands::tests::test_sanitize_gateway_valid_https ... ok
test commands::tests::test_sanitize_gateway_valid_https ... ok
test commands::tests::test_sanitize_gateway_valid_https ... ok
test commands::tests::test_sanitize_gateway_valid_https ... ok
test commands::tests::test_sanitize_gateway_valid_https ... ok
test commands::tests::test_sanitize_gateway_valid_https ... ok
test commands::tests::test_sanitize_gateway_valid_https ... ok
test commands::tests::test_sanitize_gateway_valid_https ... ok
test commands::tests::test_sanitize_gateway_valid_https ... ok
test commands::tests::test_sanitize_gateway_valid_https ... ok
test commands::tests::test_sanitize_gateway_valid_https ... ok
test commands::tests::test_sanitize_gateway_valid_https ... ok
test commands::tests::test_sanitize_gateway_valid_https ... ok
test commands::tests::test_sanitize_gateway_valid_https ... ok
test commands::tests::test_sanitize_gateway_valid_https ... ok
test commands::tests::test_sanitize_gateway_valid_https ... ok
test commands::tests::test_sanitize_gateway_valid_https ... ok
test commands::tests::test_sanitize_gateway_valid_https ... ok
test commands::tests::test_sanitize_gateway_with_path ... ok
test commands::tests::test_sanitize_gateway_with_port ... ok
test channel_id_parameter_property_test::invalid_channel_id_rejection_tests::prop_multiple_invalid_channel_ids_fail_independently ... ok
test crash_reporting::tests::test_clear_crash_log ... ok
test crash_reporting::tests::test_crash_report_parsing ... ok
test crash_reporting::tests::test_get_recent_crashes_empty ... ok
test crash_reporting::tests::test_init_crash_reporting ... ok
test database::tests::test_cache_hit_miss_counters ... ok
test commands::tests::test_validate_cdn_reachability_does_not_panic ... ok
test database::tests::test_cache_invalidation ... ok
test database::tests::test_cache_invalidation_by_tags ... ok
test database::tests::test_cache_ttl_behavior ... ok
test database::tests::test_clear_all_cache ... ok
test database::tests::test_connection_pool_max_size ... ok
test database::tests::test_concurrent_transactions ... ok
test database::tests::test_connection_pooling ... ok
test database::tests::test_content_hash_computation ... ok
test database::tests::test_content_cache_operations ... ok
test database::tests::test_database_diagnostics ... ok
test database::tests::test_database_backup_restore ... ok
test database::tests::test_database_initialization ... ok
test database::tests::test_delta_updates ... ok
test database::tests::test_favorites_operations ... ok
test database::tests::test_get_changed_items ... ok
test database::tests::test_migration_rollback ... ok
test database::tests::test_migration_runner ... ok
test database::tests::test_get_content_hashes ... ok
test database::tests::test_migration_system ... ok
test database::tests::test_offline_metadata_operations ... ok
test database::tests::test_playlist_episode_ordering_preservation ... ok
test database::tests::test_playlist_operations ... ok
test database::tests::test_playlist_ordering_with_out_of_order_storage ... ok
test database::tests::test_progress_operations ... ok
test database::tests::test_raw_json_storage ... ok
test database::tests::test_settings_operations ... ok
test database::tests::test_transaction_commit ... ok
test database::tests::test_transaction_rollback ... ok
test database_initialization_test::tests::test_connection_pool_initialized ... FAILED
test database_initialization_test::tests::test_database_new_does_not_run_migrations ... ok
test database_initialization_test::tests::test_fts5_availability_check ... ok
test database_initialization_test::tests::test_run_migrations_can_be_called_independently ... ok
test database_initialization_test::tests::test_successful_application_startup ... ok
test database_optimization_test::database_optimization_tests::test_encrypted_filter_performance ... ok
test database_optimization_test::database_optimization_tests::test_cleanup_query_performance ... ok
test database_optimization_test::database_optimization_tests::test_indices_exist ... ok
test database_optimization_test::database_optimization_tests::test_optimize_database ... ok
test database_optimization_test::database_optimization_tests::test_query_uses_index ... ok
test diagnostics_test::test_debug_package_components_documented ... ok
test database_optimization_test::database_optimization_tests::test_tag_filtering_with_composite_index ... ok
test diagnostics_test::test_debug_package_contains_database_metadata ... ok
test diagnostics_test::test_debug_package_contains_system_info ... ok
test cache_ttl_property_test::cache_ttl_property_tests::prop_ttl_boundary_behavior ... ok
test diagnostics_test::test_debug_package_creation ... ok
test download::tests::test_check_disk_space ... ok
test download::tests::test_check_disk_space_insufficient ... ok
test download::tests::test_cleanup_stale_locks ... ok
test download::tests::test_cleanup_failed_download ... ok
test download::tests::test_delete_content ... FAILED
test diagnostics_test::test_debug_package_sanitizes_sensitive_data ... ok
test download::tests::test_get_content_path ... ok
test cache_ttl_property_test::cache_ttl_property_tests::prop_multiple_queries_within_ttl_consistent ... ok
test download::tests::test_get_vault_path ... ok
test download_resumable_atomic_property_test::download_resumable_atomic_property_tests::prop_atomic_lock_file_prevents_concurrent ... ok
test download_resumable_atomic_property_test::download_resumable_atomic_property_tests::prop_atomic_final_file_naming ... ok
test download::tests::test_get_content_metadata ... ok
test download_resumable_atomic_property_test::download_resumable_atomic_property_tests::prop_atomic_no_partial_files_after_cleanup ... ok
test download_resumable_atomic_property_test::download_resumable_atomic_property_tests::prop_atomic_temp_file_naming ... ok
test download_resumable_atomic_property_test::download_resumable_atomic_property_tests::prop_atomic_final_replaces_temp ... ok
test download_resumable_atomic_property_test::download_resumable_atomic_property_tests::prop_atomic_vault_directory_structure ... ok
test download_resumable_atomic_property_test::download_resumable_atomic_property_tests::prop_atomic_temp_file_content_integrity ... ok
test emergency_disable_test::tests::test_emergency_disable_false ... ok
test emergency_disable_test::tests::test_emergency_disable_malformed_json ... ok
test emergency_disable_test::tests::test_emergency_disable_missing ... ok
test emergency_disable_test::tests::test_emergency_disable_true ... ok
test emergency_disable_test::tests::test_emergency_disable_with_checksums ... ok
test emergency_disable_test::tests::test_version_manifest_deserialization ... ok
test emergency_disable_test::tests::test_version_manifest_serialization ... ok
test encryption::tests::test_build_chunk_index ... ok
test download_resumable_atomic_property_test::download_resumable_atomic_property_tests::prop_resume_etag_file_storage ... ok
test download_resumable_atomic_property_test::download_resumable_atomic_property_tests::prop_resume_partial_file_size_tracking ... ok
test encryption::tests::test_decrypt_range_beyond_file_size ... ok
test encryption::tests::test_concurrent_range_decryption ... ok
test encryption::tests::test_decrypt_range_entire_file ... ok
test encryption::tests::test_decrypt_range_first_chunk ... ok
test encryption::tests::test_decrypt_range_last_chunk ... ok
test encryption::tests::test_decrypt_range_middle_chunk ... ok
test encryption::tests::test_decrypt_range_partial_last_chunk ... ok
test encryption::tests::test_decrypt_range_single_byte ... ok
test encryption::tests::test_decrypt_range_without_encryption_enabled ... ok
test encryption::tests::test_disable_encryption ... ok
test encryption::tests::test_decrypt_with_wrong_key_fails ... ok
test encryption::tests::test_enable_encryption ... ok
test encryption::tests::test_encrypt_decrypt_file_round_trip ... ok
test encryption::tests::test_encrypted_file_is_different_from_original ... ok
test encryption::tests::test_encryption_manager_creation ... ok
test encryption::tests::test_decrypt_range_spanning_multiple_chunks ... ok
test encryption::tests::test_keystore_operations ... ok
test encryption::tests::test_multiple_sequential_round_trips ... ok
test encryption::tests::test_encrypt_decrypt_large_file ... ok
test encryption::tests::test_round_trip_all_ones ... ok
test encryption::tests::test_round_trip_empty_file ... ok
test encryption::tests::test_round_trip_different_passphrases ... ok
test encryption::tests::test_round_trip_all_zeros ... ok
test download_resumable_atomic_property_test::download_resumable_atomic_property_tests::prop_disk_space_check_before_download ... ok
test encryption::tests::test_round_trip_exact_chunk_boundary ... ok
test encryption::tests::test_round_trip_multiple_exact_chunks ... ok
test encryption::tests::test_round_trip_preserves_binary_data ... ok
test encryption::tests::test_round_trip_single_byte ... ok
test encryption::tests::test_round_trip_random_data ... ok
test encryption::tests::test_round_trip_text_data ... ok
test encryption_key_management_test::encryption_key_management_tests::test_database_has_no_key_columns ... ok
test encryption_key_management_test::encryption_key_management_tests::test_encrypted_files_contain_no_raw_keys ... ok
test encryption_key_management_test::encryption_key_management_tests::test_key_removed_from_keystore_on_disable ... FAILED
test encryption_key_management_test::encryption_key_management_tests::test_database_values_contain_no_keys ... ok
test encryption_key_management_test::encryption_key_management_tests::test_keys_only_in_os_keystore ... ok
test encryption_key_management_test::encryption_key_management_tests::test_no_hardcoded_keys ... ok
test error::tests::test_error_categories ... ok
test error::tests::test_error_context ... ok
test error::tests::test_error_recoverability ... ok
test error::tests::test_user_messages ... ok
test error::tests::test_warning_level ... ok
test encryption_key_management_test::encryption_key_management_tests::test_keystore_isolation ... ok
test error_logging::tests::test_error_codes ... ok
test encryption_key_management_test::encryption_key_management_tests::test_offline_meta_stores_only_flag ... ok
test error_logging::tests::test_log_error ... FAILED
test encryption::tests::test_round_trip_very_large_file ... ok
test error_logging::tests::test_error_stats ... FAILED
test error_logging::tests::test_mark_resolved ... FAILED
test error_logging::tests::test_cleanup_old_errors ... FAILED
test error_logging_test::test_cleanup_old_errors ... FAILED
test error_logging_test::test_error_categorization ... ok
test error_logging_test::test_error_stats ... ok
test error_structure_property_test::error_structure_property_tests::prop_all_errors_have_consistent_structure ... ok
test error_structure_property_test::error_structure_property_tests::prop_empty_claim_id_error_structure ... ok
test error_structure_property_test::error_structure_property_tests::prop_error_categories_are_consistent ... ok
test error_structure_property_test::error_structure_property_tests::prop_error_context_includes_claim_info ... ok
test error_structure_property_test::error_structure_property_tests::prop_error_messages_are_human_readable ... ok
test error_structure_property_test::error_structure_property_tests::prop_errors_are_serializable ... ok
test error_structure_property_test::error_structure_property_tests::prop_errors_provide_actionable_information ... ok
test error_structure_property_test::error_structure_property_tests::prop_malformed_data_error_structure ... ok
test error_structure_property_test::error_structure_property_tests::prop_missing_claim_id_error_structure ... ok
test error_structure_property_test::error_structure_property_tests::prop_non_stream_type_error_structure ... ok
test filesystem_access_test::tests::test_absolute_paths_outside_app_data_blocked ... ok
test filesystem_access_test::tests::test_cannot_access_system_files ... ok
test filesystem_access_test::tests::test_case_sensitivity ... ok
test filesystem_access_test::tests::test_create_directory_within_app_data ... ok
test filesystem_access_test::tests::test_create_file_within_app_data ... ok
test filesystem_access_test::tests::test_current_directory_references ... ok
test filesystem_access_test::tests::test_empty_path_components ... ok
test filesystem_access_test::tests::test_get_app_data_dir ... ok
test filesystem_access_test::tests::test_mixed_separators ... ok
test filesystem_access_test::tests::test_multiple_parent_traversals ... ok
test filesystem_access_test::tests::test_nested_directory_access ... ok
test filesystem_access_test::tests::test_parent_directory_within_app_data ... ok
test filesystem_access_test::tests::test_path_traversal_attacks_blocked ... ok
test filesystem_access_test::tests::test_special_characters_in_paths ... ok
test filesystem_access_test::tests::test_subdir_path_traversal_blocked ... ok
test filesystem_access_test::tests::test_subdir_path_validation ... ok
test filesystem_access_test::tests::test_unicode_in_paths ... ok
test filesystem_access_test::tests::test_valid_paths_within_app_data ... ok
test filesystem_access_test::tests::test_very_long_path ... ok
test force_refresh_test::tests::test_force_refresh_behavior_documentation ... ok
test force_refresh_test::tests::test_force_refresh_default_value ... ok
test force_refresh_test::tests::test_force_refresh_explicit_false ... ok
test force_refresh_test::tests::test_force_refresh_explicit_true ... ok
test force_refresh_test::tests::test_force_refresh_parameter_exists ... ok
test gateway::tests::test_4xx_client_errors_not_retryable ... ok
test gateway::tests::test_5xx_server_errors_retryable ... ok
test gateway::tests::test_api_parsing ... ok
test gateway::tests::test_api_parsing_malformed_data ... ok
test gateway::tests::test_api_parsing_mixed_items ... ok
test gateway::tests::test_claim_search_request_structure ... ok
test gateway::tests::test_current_gateway_tracking ... ok
test gateway::tests::test_error_retryability ... ok
test gateway::tests::test_exponential_backoff_calculation ... ok
test gateway::tests::test_exponential_backoff_with_jitter ... ok
test gateway::tests::test_failover_integration ... ok
test gateway::tests::test_failover_logic ... ok
test gateway::tests::test_gateway_client_creation ... ok
test gateway::tests::test_gateway_config_generation ... ok
test gateway::tests::test_gateway_health_logging ... ok
test gateway::tests::test_gateway_priority_consistency ... ok
test gateway::tests::test_gateway_priority_immutability ... ok
test gateway::tests::test_gateway_priority_immutability_enforcement ... ok
test gateway::tests::test_health_stats_initialization ... ok
test gateway::tests::test_http_429_handling ... ok
test gateway::tests::test_log_gateway_health_method ... ok
test gateway::tests::test_max_retry_configuration ... ok
test gateway::tests::test_playlist_search_empty_results ... ok
test gateway::tests::test_playlist_search_error_response ... ok
test gateway::tests::test_playlist_search_malformed_data ... ok
test gateway::tests::test_playlist_search_request_structure ... ok
test gateway::tests::test_playlist_search_response_parsing ... ok
test gateway::tests::test_rate_limit_error_detection ... ok
test gateway::tests::test_rate_limit_retry_behavior ... ok
test gateway::tests::test_retry_delay_calculation ... ok
test gateway::tests::test_retry_jitter_calculation ... ok
test gateway::tests::test_timeout_configuration ... ok
test gateway::tests::test_timeout_error_detection ... ok
test gateway::tests::test_timeout_retry_behavior ... ok
test gateway_failover_property_test::tests::property_current_gateway_consistency ... ok
test gateway_failover_property_test::tests::property_exponential_backoff_timing ... ok
test gateway_failover_property_test::tests::property_gateway_config_serialization ... ok
test gateway_failover_property_test::tests::property_gateway_configuration_consistency ... ok
test gateway_failover_property_test::tests::property_gateway_configuration_values ... ok
test gateway_failover_property_test::tests::property_gateway_list_length_consistency ... ok
test error_logging_test::test_log_error_simple ... ok
test gateway_failover_property_test::tests::property_gateway_priority_immutability ... ok
test gateway_failover_property_test::tests::property_gateway_priority_immutability_enforcement ... ok
test gateway_failover_property_test::tests::property_health_stats_initialization ... ok
test gateway_failover_property_test::tests::property_gateway_order_determinism ... ok
test gateway_failover_property_test::tests::property_jitter_range_verification ... ok
test gateway_production_test::tests::test_production_failover_consistency ... ignored
test gateway_production_test::tests::test_production_failover_different_requests ... ignored
test gateway_production_test::tests::test_production_failover_mechanism ... ignored
test gateway_production_test::tests::test_production_gateway_connectivity ... ignored
test gateway_production_test::tests::test_production_gateway_logging ... ignored
test gateway_production_test::tests::test_production_gateway_performance ... ignored
test gateway_failover_property_test::tests::property_max_retry_attempts_calculation ... ok
test error_logging_test::test_log_error_with_context ... ok
test hero_single_item_test::hero_single_item_tests::test_cache_returns_empty_array_when_no_items ... ok
test hero_single_item_test::hero_single_item_tests::test_cache_returns_single_hero_item ... ok
test input_validation_test::tests::test_channel_id_validation_accepts_valid_formats ... ok
test input_validation_test::tests::test_channel_id_validation_rejects_empty_string ... ok
test input_validation_test::tests::test_channel_id_validation_rejects_whitespace_only ... ok
test input_validation_test::tests::test_channel_id_validation_rejects_without_at_symbol ... ok
test input_validation_test::tests::test_claim_id_validation_prevents_injection ... ok
test input_validation_test::tests::test_comprehensive_input_validation_coverage ... ok
test input_validation_test::tests::test_external_url_validation_enforces_https ... ok
test input_validation_test::tests::test_like_pattern_sanitization_escapes_special_chars ... ok
test input_validation_test::tests::test_limit_sanitization_prevents_excessive_queries ... ok
test input_validation_test::tests::test_offset_sanitization_prevents_excessive_pagination ... ok
test input_validation_test::tests::test_order_by_sanitization_prevents_sql_injection ... ok
test input_validation_test::tests::test_position_seconds_validation_prevents_overflow ... ok
test input_validation_test::tests::test_quality_validation_prevents_invalid_values ... ok
test input_validation_test::tests::test_search_text_validation_prevents_injection ... ok
test input_validation_test::tests::test_setting_key_validation_prevents_arbitrary_keys ... ok
test input_validation_test::tests::test_setting_value_validation_enforces_constraints ... ok
test input_validation_test::tests::test_tag_sanitization_enforces_format ... ok
test input_validation_test::tests::test_tags_validation_prevents_injection ... ok
test input_validation_test::tests::test_title_validation_prevents_injection ... ok
test input_validation_test::tests::test_url_validation_prevents_malicious_urls ... ok
test hero_single_item_test::hero_single_item_tests::test_cache_threshold_only_applies_to_tag_queries ... ok
test error_logging_test::test_mark_resolved ... ok
test integration_test::tests::test_concurrent_database_access ... ok
test hero_single_item_test::hero_single_item_tests::test_cache_works_with_multiple_item_counts ... ok
test integration_test::tests::test_database_schema_integrity ... ok
test integration_test::tests::test_error_logging ... ok
test integration_test::tests::test_existing_database_compatibility ... FAILED
test logging::tests::test_custom_log_directory ... ok
test logging::tests::test_get_log_directory ... ok
test logging::tests::test_logging_config_default ... ok
test logging_test::test_custom_logging_config ... ok
test logging_test::test_logging_config_creation ... ok
[2m2026-02-17T03:10:05.912870Z[0m [32m INFO[0m ThreadId(4093) [2mkiyya_desktop::logging[0m[2m:[0m [2msrc\logging.rs[0m[2m:[0m[2m118:[0m Logging system initialized with file rotation [3mlog_dir[0m[2m=[0mC:\Users\hp\AppData\Local\Temp\kiyya_test\logs
test logging_test::test_logging_initialization ... ok
test logging_unit_test::test_ambiguous_claim_structure_logged ... ok
test logging_unit_test::test_batch_processing_continues_after_error ... ok
test logging_unit_test::test_cdn_url_construction_deterministic ... ok
test logging_unit_test::test_claim_id_in_video_url ... ok
test logging_unit_test::test_claim_id_logged_when_constructing_url ... ok
test logging_unit_test::test_constructed_url_logged ... ok
test logging_unit_test::test_empty_claim_id_logged_with_context ... ok
test logging_unit_test::test_errors_logged_with_context ... ok
test logging_unit_test::test_gateway_logged_at_startup ... ok
test logging_unit_test::test_logging_uses_debug_for_repetitive_operations ... ok
test logging_unit_test::test_no_warnings_for_missing_direct_urls ... ok
test logging_unit_test::test_non_stream_claim_logged_with_context ... ok
test logging_unit_test::test_parse_claim_search_response_logs_skipped_claims ... ok
test integration_test::tests::test_fresh_database_initialization ... FAILED
test migration_clean_run_test::migration_clean_run_tests::test_all_indices_created ... ok
test migration_clean_run_test::migration_clean_run_tests::test_all_tables_have_proper_schema ... ok
test migration_clean_run_test::migration_clean_run_tests::test_database_schema_integrity ... ok
test integration_test::tests::test_fts5_initialization ... ok
test migration_clean_run_test::migration_clean_run_tests::test_migration_history_tracking ... ok
test migration_clean_run_test::migration_clean_run_tests::test_migrations_are_idempotent ... ok
test integration_test::tests::test_multiple_startup_cycles ... FAILED
test migration_clean_run_test::migration_clean_run_tests::test_migrations_run_cleanly_on_existing_database ... ok
test migration_clean_run_test::migration_clean_run_tests::test_migrations_run_cleanly_on_fresh_database ... ok
test migration_older_db_test::migration_older_db_tests::test_foreign_key_integrity_after_upgrade ... FAILED
test migration_older_db_test::migration_older_db_tests::test_data_integrity_after_upgrade ... FAILED
test migration_older_db_test::migration_older_db_tests::test_schema_evolution_correctness ... FAILED
test migration_older_db_test::migration_older_db_tests::test_upgrade_from_v0_to_current ... FAILED
test migration_older_db_test::migration_older_db_tests::test_upgrade_from_v1_to_current ... FAILED
test migration_older_db_test::migration_older_db_tests::test_migration_history_after_upgrade ... FAILED
test migration_older_db_test::migration_older_db_tests::test_upgrade_from_v5_to_current ... FAILED
test migration_property_test::migration_property_tests::prop_backward_compatibility ... ok
test migration_property_test::migration_property_tests::prop_checksum_validation has been running for over 60 seconds
test migration_property_test::migration_property_tests::prop_error_context_reporting has been running for over 60 seconds
test migration_property_test::migration_property_tests::prop_migration_failure_rollback has been running for over 60 seconds
test migration_property_test::migration_property_tests::prop_checksum_validation ... ok
test migration_property_test::migration_property_tests::prop_error_context_reporting ... ok
test migrations_error_handling_test::property_tests::prop_complete_migration_history_retrieval ... ok
test migrations_error_handling_test::property_tests::prop_context_string_formatting ... ok
test migrations_error_handling_test::property_tests::prop_error_context_chain_preservation ... ok
test migrations_error_handling_test::property_tests::prop_error_message_length_preservation ... ok
test migrations_error_handling_test::property_tests::prop_error_message_preservation ... ok
test migrations_error_handling_test::property_tests::prop_error_type_conversion_consistency ... ok
test migrations_error_handling_test::tests::test_backward_compatibility_mixed_schema ... ok
test migrations_error_handling_test::tests::test_backward_compatibility_old_schema ... ok
test migrations_error_handling_test::tests::test_ensure_migrations_table_creates_full_schema ... ok
test migrations_error_handling_test::tests::test_migration_execution ... ok
test migrations_error_handling_test::tests::test_multiple_migrations_execution ... ok
test migrations_error_handling_test::tests::test_query_failure_error_context ... ok
test migrations_error_handling_test::tests::test_query_failure_with_corrupted_table ... ok
test migrations_error_handling_test::tests::test_row_parsing_failure_error_context ... ok
test migrations_error_handling_test::tests::test_row_parsing_with_missing_column ... ok
test migration_property_test::migration_property_tests::prop_migration_failure_rollback ... ok
test missing_claim_id_property_test::missing_claim_id_property_tests::prop_claim_id_wrong_type ... ok
test missing_claim_id_property_test::missing_claim_id_property_tests::prop_empty_claim_id_with_non_stream_type ... ok
test missing_claim_id_property_test::missing_claim_id_property_tests::prop_empty_claim_id_string ... ok
test missing_claim_id_property_test::missing_claim_id_property_tests::prop_missing_claim_id_field ... ok
test missing_claim_id_property_test::missing_claim_id_property_tests::prop_missing_claim_id_in_batch ... ok
test missing_claim_id_property_test::missing_claim_id_property_tests::prop_missing_claim_id_with_all_valid_fields ... ok
test missing_claim_id_property_test::missing_claim_id_property_tests::prop_missing_claim_id_with_inferred_stream ... ok
test missing_claim_id_property_test::missing_claim_id_property_tests::prop_null_claim_id_value ... ok
test missing_claim_id_property_test::missing_claim_id_property_tests::prop_whitespace_claim_id ... ok
test missing_claim_id_property_test::missing_claim_id_property_tests::prop_null_claim_id_with_metadata ... ok
test missing_direct_urls_property_test::missing_direct_urls_property_tests::prop_empty_streams_array ... ok
test missing_direct_urls_property_test::missing_direct_urls_property_tests::prop_missing_all_direct_url_fields ... ok
test missing_direct_urls_property_test::missing_direct_urls_property_tests::prop_cdn_url_consistent_for_missing_direct_urls ... ok
test missing_direct_urls_property_test::missing_direct_urls_property_tests::prop_missing_direct_urls_with_explicit_stream_type ... ok
test missing_direct_urls_property_test::missing_direct_urls_property_tests::prop_missing_direct_urls_with_inferred_stream_type ... ok
test missing_direct_urls_property_test::missing_direct_urls_property_tests::prop_missing_hd_url_field ... ok
test missing_direct_urls_property_test::missing_direct_urls_property_tests::prop_missing_sd_url_field ... ok
test missing_direct_urls_property_test::missing_direct_urls_property_tests::prop_missing_streams_array ... ok
test missing_direct_urls_property_test::missing_direct_urls_property_tests::prop_missing_video_url_field ... ok
test models::tests::test_content_item_creation ... ok
test models::tests::test_content_item_validation ... ok
test models::tests::test_quality_utilities ... ok
test models::tests::test_quality_utilities ... ok
test models::tests::test_range_request_parsing ... ok
test models::tests::test_series_parsing ... ok
test models::tests::test_tag_validation ... ok
test models::tests::test_version_comparison ... ok
test models::tests::test_video_url_creation ... ok
test missing_direct_urls_property_test::missing_direct_urls_property_tests::prop_null_direct_url_fields ... ok
test monitoring_local_test::tests::test_commands_expose_local_data_only ... ok
test monitoring_local_test::tests::test_complete_monitoring_flow_is_local ... ok
test monitoring_local_test::tests::test_diagnostics_stay_local ... ok
test monitoring_local_test::tests::test_cache_stats_stay_local ... ok
test monitoring_local_test::tests::test_download_stats_stay_local ... ok
test monitoring_local_test::tests::test_main_no_external_monitoring ... ok
test monitoring_local_test::tests::test_monitoring_models_are_local ... ok
test monitoring_local_test::tests::test_no_external_monitoring_sdks ... ok
test monitoring_local_test::tests::test_gateway_logs_stay_local ... ok
test partial_success_property_test::partial_success_property_tests::prop_all_invalid_claims_return_empty ... ok
test partial_success_property_test::partial_success_property_tests::prop_all_valid_claims_succeed ... ok
test partial_success_property_test::partial_success_property_tests::prop_continues_after_errors ... ok
test partial_success_property_test::partial_success_property_tests::prop_order_preservation ... ok
test partial_success_property_test::partial_success_property_tests::prop_single_valid_among_invalid ... ok
test path_security::tests::test_get_app_data_dir ... ok
test path_security::tests::test_multiple_parent_dirs ... ok
test path_security::tests::test_resolve_path_components ... ok
test path_security::tests::test_valid_nested_path ... ok
test path_security::tests::test_validate_absolute_path_outside_appdata ... ok
test path_security::tests::test_validate_path_traversal_attack ... ok
test path_security::tests::test_validate_relative_path ... ok
test path_security::tests::test_validate_subdir_path ... ok
test rate_limit_timeout_test::tests::test_failover_delay_calculation ... ok
test rate_limit_timeout_test::tests::test_gateway_client_configuration ... ok
test rate_limit_timeout_test::tests::test_gateway_config_accessibility ... ok
test rate_limit_timeout_test::tests::test_http_429_categorization ... ok
test rate_limit_timeout_test::tests::test_jitter_application ... ok
test rate_limit_timeout_test::tests::test_max_retry_attempts ... ok
test rate_limit_timeout_test::tests::test_rate_limit_error_handling ... ok
test rate_limit_timeout_test::tests::test_rate_limit_error_serialization ... ok
test rate_limit_timeout_test::tests::test_rate_limit_retry_after ... ok
test rate_limit_timeout_test::tests::test_rate_limit_retry_flow ... ok
test rate_limit_timeout_test::tests::test_rate_limit_various_retry_after ... ok
test rate_limit_timeout_test::tests::test_request_timeout_categorization ... ok
test rate_limit_timeout_test::tests::test_retry_delay_for_rate_limiting ... ok
test rate_limit_timeout_test::tests::test_specification_compliance ... ok
test rate_limit_timeout_test::tests::test_timeout_duration_information ... ok
test rate_limit_timeout_test::tests::test_timeout_error_handling ... ok
test rate_limit_timeout_test::tests::test_timeout_error_serialization ... ok
test rate_limit_timeout_test::tests::test_timeout_retry_flow ... ok
test rate_limit_timeout_test::tests::test_timeout_various_durations ... ok
test response_structure_property_test::response_structure_property_tests::prop_response_contains_claim_id ... ok
test response_structure_property_test::response_structure_property_tests::prop_response_contains_tags_field ... ok
test response_structure_property_test::response_structure_property_tests::prop_response_contains_thumbnail_url_field ... ok
test response_structure_property_test::response_structure_property_tests::prop_response_contains_title ... ok
test partial_success_property_test::partial_success_property_tests::prop_partial_success_mixed_claims ... ok
test response_structure_property_test::response_structure_property_tests::prop_response_contains_video_urls ... ok
test response_structure_property_test::response_structure_property_tests::prop_response_has_master_playback_url ... ok
test response_structure_property_test::response_structure_property_tests::prop_response_structure_complete ... ok
test response_structure_property_test::response_structure_property_tests::prop_response_structure_minimal_metadata ... ok
test response_structure_property_test::response_structure_property_tests::prop_response_video_url_structure ... ok
test response_structure_property_test::response_structure_property_tests::prop_response_structure_consistent ... ok
test sanitization::tests::test_sanitize_like_pattern ... ok
test sanitization::tests::test_sanitize_limit ... ok
test sanitization::tests::test_sanitize_offset ... ok
test sanitization::tests::test_sanitize_fts5_query ... ok
test sanitization::tests::test_sanitize_order_by_valid ... ok
test sanitization::tests::test_sanitize_order_by_invalid ... ok
test sanitization::tests::test_sanitize_tag ... ok
test search_test::tests::test_fts5_availability ... ok
test search_test::tests::test_search_content_basic ... ok
test search_test::tests::test_search_content_description ... FAILED
test search_test::tests::test_search_content_empty_query ... ok
test search_test::tests::test_search_content_episode ... ok
test search_test::tests::test_search_content_limit ... FAILED
test search_test::tests::test_search_content_no_results ... ok
test security_logging::tests::test_log_multiple_events ... ok
test security_logging::tests::test_log_security_event ... ok
test security_logging::tests::test_security_event_details ... ok
test security_logging::tests::test_security_event_severity ... ok
test security_logging::tests::test_security_event_type ... ok
test security_logging_integration_test::tests::test_encryption_key_operation_logging ... ok
test security_logging_integration_test::tests::test_path_security_logs_violations ... ok
test security_logging_integration_test::tests::test_rate_limit_logging ... ok
test security_logging_integration_test::tests::test_sanitization_logs_invalid_tags ... ok
test security_logging_integration_test::tests::test_sanitization_logs_sql_injection ... ok
test security_logging_integration_test::tests::test_security_event_creation ... ok
test security_logging_integration_test::tests::test_security_logging_does_not_panic ... ok
test security_logging_integration_test::tests::test_validation_logs_invalid_characters ... ok
test security_logging_integration_test::tests::test_validation_logs_network_violations ... ok
test security_logging_integration_test::tests::test_validation_logs_non_https_urls ... ok
test security_logging_integration_test::tests::test_validation_logs_null_bytes ... ok
test security_restrictions_test::tests::test_comprehensive_security_restrictions_enforced ... ok
test security_restrictions_test::tests::test_encryption_key_never_in_code_or_database ... ok
test search_test::tests::test_search_content_special_characters ... FAILED
test security_restrictions_test::tests::test_encryption_key_stored_in_os_keystore_only ... ok
test security_restrictions_test::tests::test_filesystem_restriction_absolute_paths_outside_blocked ... ok
test security_restrictions_test::tests::test_filesystem_restriction_app_data_only ... ok
test security_restrictions_test::tests::test_filesystem_restriction_path_traversal_blocked ... ok
test security_restrictions_test::tests::test_input_sanitization_empty_inputs_rejected ... ok
test security_restrictions_test::tests::test_input_sanitization_length_limits_enforced ... ok
test security_restrictions_test::tests::test_input_sanitization_no_sql_injection ... ok
test security_restrictions_test::tests::test_input_sanitization_null_bytes_blocked ... ok
test security_restrictions_test::tests::test_network_restriction_approved_domains ... ok
test security_restrictions_test::tests::test_network_restriction_http_blocked ... ok
test security_restrictions_test::tests::test_network_restriction_invalid_protocols_blocked ... ok
test security_restrictions_test::tests::test_encryption_key_removed_from_keystore_on_disable ... ok
test security_restrictions_test::tests::test_security_boundary_numeric_ranges_enforced ... ok
test security_restrictions_test::tests::test_network_restriction_unapproved_domains_blocked ... ok
test security_restrictions_test::tests::test_security_boundary_quality_values_restricted ... ok
test security_restrictions_test::tests::test_security_boundary_setting_keys_restricted ... ok
test security_restrictions_test::tests::test_tag_system_immutability ... ok
test server::tests::test_concurrent_streaming_connections ... ok
test server::tests::test_concurrent_streaming_same_range ... ok
test server::tests::test_concurrent_streaming_with_seeks ... ok
test server::tests::test_encrypted_file_streaming ... ok
test server::tests::test_health_and_status_endpoints_cors ... ok
test server::tests::test_health_check_endpoint ... ok
test server::tests::test_local_server_creation ... ok
test server::tests::test_local_server_get_status ... ok
test server::tests::test_local_server_register_content ... ok
test server::tests::test_local_server_start ... ok
test server::tests::test_local_server_stop ... ok
test server::tests::test_local_server_unregister_content ... ok
test server::tests::test_mixed_encrypted_and_plain_streaming ... ok
test server::tests::test_parse_range_header_end_beyond_file_size ... ok
test server::tests::test_parse_range_header_full_range ... ok
test server::tests::test_parse_range_header_invalid_format ... ok
test server::tests::test_parse_range_header_invalid_range ... ok
test server::tests::test_parse_range_header_open_end ... ok
test server::tests::test_parse_range_header_suffix ... ok
test server::tests::test_range_request_scenarios ... ok
test server::tests::test_read_file_range ... ok
test server::tests::test_read_file_range_entire_file ... ok
test server::tests::test_read_file_range_nonexistent_file ... ok
test server::tests::test_read_file_range_single_byte ... ok
test server::tests::test_status_endpoint_no_streams ... ok
test server::tests::test_status_endpoint_with_streams ... ok
test tag_immutability_test::tests::test_base_tag_for_filter_mapping ... ok
test tag_immutability_test::tests::test_base_tags_are_constant_strings ... ok
test tag_immutability_test::tests::test_base_tags_array_is_immutable ... ok
test tag_immutability_test::tests::test_filter_tags_are_constant_strings ... ok
test tag_immutability_test::tests::test_filter_tags_array_is_immutable ... ok
test tag_immutability_test::tests::test_frontend_backend_tag_consistency ... ok
test tag_immutability_test::tests::test_hero_trailer_is_base_tag ... ok
test tag_immutability_test::tests::test_no_dynamic_tag_generation ... ok
test tag_immutability_test::tests::test_no_tag_inference_logic ... ok
test tag_immutability_test::tests::test_tag_count_consistency ... ok
test tag_immutability_test::tests::test_tag_validation_functions ... ok
test tag_immutability_test::tests::test_tags_are_lowercase_snake_case ... ok
test valid_channel_id_acceptance_property_test::valid_channel_id_acceptance_tests::prop_minimal_valid_channel_id_accepted ... ok
test server::tests::test_encrypted_large_file_streaming ... ok
test valid_channel_id_acceptance_property_test::valid_channel_id_acceptance_tests::prop_valid_channel_id_acceptance_consistent ... ok
test valid_channel_id_acceptance_property_test::valid_channel_id_acceptance_tests::prop_valid_channel_id_acceptance_deterministic ... ok
test valid_channel_id_acceptance_property_test::valid_channel_id_acceptance_tests::prop_valid_channel_id_acceptance_independent_of_env ... ok
test valid_channel_id_acceptance_property_test::valid_channel_id_acceptance_tests::prop_multiple_valid_channel_ids_all_accepted ... ok
test valid_channel_id_acceptance_property_test::valid_channel_id_acceptance_tests::prop_valid_channel_id_preserves_bytes ... ok
test valid_channel_id_acceptance_property_test::valid_channel_id_acceptance_tests::prop_valid_channel_ids_are_accepted ... ok
test valid_channel_id_acceptance_property_test::valid_channel_id_acceptance_tests::prop_valid_channel_ids_case_variations_accepted ... ok
test valid_channel_id_acceptance_property_test::valid_channel_id_acceptance_tests::prop_valid_channel_ids_length_independent ... ok
test valid_channel_id_acceptance_property_test::valid_channel_id_acceptance_tests::prop_valid_channel_ids_with_numbers_accepted ... ok
test valid_channel_id_acceptance_property_test::valid_channel_id_acceptance_tests::prop_valid_channel_id_acceptance_thread_safe ... ok
test valid_channel_id_acceptance_property_test::valid_channel_id_acceptance_tests::prop_valid_channel_ids_with_trailing_content_accepted ... ok
test valid_channel_id_acceptance_property_test::valid_channel_id_acceptance_tests::prop_valid_channel_ids_with_special_chars_accepted ... ok
test valid_channel_id_acceptance_property_test::valid_channel_id_acceptance_tests::prop_valid_channel_ids_with_various_chars_accepted ... ok
test valid_channel_id_acceptance_property_test::valid_channel_id_acceptance_tests::prop_validated_channel_id_matches_input ... ok
test valid_claim_id_property_test::valid_claim_id_property_tests::prop_cdn_url_format_pattern ... ok
test valid_claim_id_property_test::valid_claim_id_property_tests::prop_cdn_url_independent_of_field_order ... ok
test valid_claim_id_property_test::valid_claim_id_property_tests::prop_cdn_url_minimal_metadata ... ok
test valid_claim_id_property_test::valid_claim_id_property_tests::prop_cdn_url_maximal_metadata ... ok
test valid_claim_id_property_test::valid_claim_id_property_tests::prop_cdn_url_special_characters ... ok
test valid_claim_id_property_test::valid_claim_id_property_tests::prop_cdn_url_preserves_claim_id_exactly ... ok
test valid_claim_id_property_test::valid_claim_id_property_tests::prop_valid_claim_id_deterministic ... ok
test valid_claim_id_property_test::valid_claim_id_property_tests::prop_valid_claim_id_inferred_stream_type ... ok
test valid_claim_id_property_test::valid_claim_id_property_tests::prop_multiple_claim_ids_unique_urls ... ok
test validation::tests::test_validate_channel_id ... ok
test validation::tests::test_validate_claim_id ... ok
test validation::tests::test_validate_download_url ... ok
test validation::tests::test_validate_external_url ... ok
test validation::tests::test_validate_position_seconds ... ok
test validation::tests::test_validate_quality ... ok
test validation::tests::test_validate_search_text ... ok
test validation::tests::test_validate_setting_key ... ok
test validation::tests::test_validate_setting_value ... ok
test validation::tests::test_validate_tags ... ok
test validation::tests::test_validate_title ... ok
test valid_claim_id_property_test::valid_claim_id_property_tests::prop_valid_claim_id_produces_cdn_url ... ok
test migration_property_test::migration_property_tests::prop_migration_recording ... ok
test migration_property_test::migration_property_tests::prop_sequential_migration_application ... ok

failures:

---- database_initialization_test::tests::test_connection_pool_initialized stdout ----

=== CRASH REPORT ===
Timestamp: 2026-02-17T03:09:30.235429500+00:00
Message: Failed to get favorites: Internal { message: "Failed to open database for favorites retrieval: Database error: unable to open database file: C:\\Users\\hp\\AppData\\Local\\Temp\\kiyya_test\\app.db" }
Location: src\database_initialization_test.rs:199:50
Version: 1.0.0
===================



=== CRASH REPORT ===
Timestamp: 2026-02-17T03:09:30.235689900+00:00
Message: Failed to get favorites: Internal { message: "Failed to open database for favorites retrieval: Database error: unable to open database file: C:\\Users\\hp\\AppData\\Local\\Temp\\kiyya_test\\app.db" }
Location: src\database_initialization_test.rs:199:50
Version: 1.0.0
===================



=== CRASH REPORT ===
Timestamp: 2026-02-17T03:09:30.235941100+00:00
Message: Failed to get favorites: Internal { message: "Failed to open database for favorites retrieval: Database error: unable to open database file: C:\\Users\\hp\\AppData\\Local\\Temp\\kiyya_test\\app.db" }
Location: src\database_initialization_test.rs:199:50
Version: 1.0.0
===================



=== CRASH REPORT ===
Timestamp: 2026-02-17T03:09:30.236199200+00:00
Message: Failed to get favorites: Internal { message: "Failed to open database for favorites retrieval: Database error: unable to open database file: C:\\Users\\hp\\AppData\\Local\\Temp\\kiyya_test\\app.db" }
Location: src\database_initialization_test.rs:199:50
Version: 1.0.0
===================



thread 'database_initialization_test::tests::test_connection_pool_initialized' (2840) panicked at src\database_initialization_test.rs:199:50:
Failed to get favorites: Internal { message: "Failed to open database for favorites retrieval: Database error: unable to open database file: C:\\Users\\hp\\AppData\\Local\\Temp\\kiyya_test\\app.db" }
note: run with `RUST_BACKTRACE=1` environment variable to display a backtrace

---- download::tests::test_delete_content stdout ----

=== CRASH REPORT ===
Timestamp: 2026-02-17T03:09:37.302862200+00:00
Message: assertion failed: !temp_path.exists()
Location: src\download.rs:727:9
Version: 1.0.0
===================



=== CRASH REPORT ===
Timestamp: 2026-02-17T03:09:37.303599800+00:00
Message: assertion failed: !temp_path.exists()
Location: src\download.rs:727:9
Version: 1.0.0
===================



=== CRASH REPORT ===
Timestamp: 2026-02-17T03:09:37.304157600+00:00
Message: assertion failed: !temp_path.exists()
Location: src\download.rs:727:9
Version: 1.0.0
===================



=== CRASH REPORT ===
Timestamp: 2026-02-17T03:09:37.304621300+00:00
Message: assertion failed: !temp_path.exists()
Location: src\download.rs:727:9
Version: 1.0.0
===================



thread 'download::tests::test_delete_content' (9300) panicked at src\download.rs:727:9:
assertion failed: !temp_path.exists()

---- encryption_key_management_test::encryption_key_management_tests::test_key_removed_from_keystore_on_disable stdout ----

=== CRASH REPORT ===
Timestamp: 2026-02-17T03:09:44.950591600+00:00
Message: Key should be removed from keystore
Location: src\encryption_key_management_test.rs:251:9
Version: 1.0.0
===================



=== CRASH REPORT ===
Timestamp: 2026-02-17T03:09:44.950783700+00:00
Message: Key should be removed from keystore
Location: src\encryption_key_management_test.rs:251:9
Version: 1.0.0
===================



=== CRASH REPORT ===
Timestamp: 2026-02-17T03:09:44.950923200+00:00
Message: Key should be removed from keystore
Location: src\encryption_key_management_test.rs:251:9
Version: 1.0.0
===================



=== CRASH REPORT ===
Timestamp: 2026-02-17T03:09:44.951059500+00:00
Message: Key should be removed from keystore
Location: src\encryption_key_management_test.rs:251:9
Version: 1.0.0
===================



thread 'encryption_key_management_test::encryption_key_management_tests::test_key_removed_from_keystore_on_disable' (3728) panicked at src\encryption_key_management_test.rs:251:9:
Key should be removed from keystore

---- error_logging::tests::test_log_error stdout ----

=== CRASH REPORT ===
Timestamp: 2026-02-17T03:09:45.946966500+00:00
Message: assertion `left == right` failed
  left: 6
 right: 1
Location: src\error_logging.rs:449:9
Version: 1.0.0
===================



=== CRASH REPORT ===
Timestamp: 2026-02-17T03:09:45.947246200+00:00
Message: assertion `left == right` failed
  left: 6
 right: 1
Location: src\error_logging.rs:449:9
Version: 1.0.0
===================



=== CRASH REPORT ===
Timestamp: 2026-02-17T03:09:45.947398+00:00
Message: assertion `left == right` failed
  left: 6
 right: 1
Location: src\error_logging.rs:449:9
Version: 1.0.0
===================



=== CRASH REPORT ===
Timestamp: 2026-02-17T03:09:45.947592900+00:00
Message: assertion `left == right` failed
  left: 6
 right: 1
Location: src\error_logging.rs:449:9
Version: 1.0.0
===================



thread 'error_logging::tests::test_log_error' (13760) panicked at src\error_logging.rs:449:9:
assertion `left == right` failed
  left: 6
 right: 1

---- error_logging::tests::test_error_stats stdout ----

=== CRASH REPORT ===
Timestamp: 2026-02-17T03:09:47.428377700+00:00
Message: assertion `left == right` failed
  left: 14
 right: 8
Location: src\error_logging.rs:470:9
Version: 1.0.0
===================



=== CRASH REPORT ===
Timestamp: 2026-02-17T03:09:47.428630400+00:00
Message: assertion `left == right` failed
  left: 14
 right: 8
Location: src\error_logging.rs:470:9
Version: 1.0.0
===================



=== CRASH REPORT ===
Timestamp: 2026-02-17T03:09:47.428759200+00:00
Message: assertion `left == right` failed
  left: 14
 right: 8
Location: src\error_logging.rs:470:9
Version: 1.0.0
===================



=== CRASH REPORT ===
Timestamp: 2026-02-17T03:09:47.428875800+00:00
Message: assertion `left == right` failed
  left: 14
 right: 8
Location: src\error_logging.rs:470:9
Version: 1.0.0
===================



thread 'error_logging::tests::test_error_stats' (11936) panicked at src\error_logging.rs:470:9:
assertion `left == right` failed
  left: 14
 right: 8

---- error_logging::tests::test_mark_resolved stdout ----

=== CRASH REPORT ===
Timestamp: 2026-02-17T03:09:47.848927800+00:00
Message: assertion `left == right` failed
  left: 10
 right: 1
Location: src\error_logging.rs:485:9
Version: 1.0.0
===================



=== CRASH REPORT ===
Timestamp: 2026-02-17T03:09:47.849315100+00:00
Message: assertion `left == right` failed
  left: 10
 right: 1
Location: src\error_logging.rs:485:9
Version: 1.0.0
===================



=== CRASH REPORT ===
Timestamp: 2026-02-17T03:09:47.849547+00:00
Message: assertion `left == right` failed
  left: 10
 right: 1
Location: src\error_logging.rs:485:9
Version: 1.0.0
===================



=== CRASH REPORT ===
Timestamp: 2026-02-17T03:09:47.849709600+00:00
Message: assertion `left == right` failed
  left: 10
 right: 1
Location: src\error_logging.rs:485:9
Version: 1.0.0
===================



thread 'error_logging::tests::test_mark_resolved' (2088) panicked at src\error_logging.rs:485:9:
assertion `left == right` failed
  left: 10
 right: 1

---- error_logging::tests::test_cleanup_old_errors stdout ----

=== CRASH REPORT ===
Timestamp: 2026-02-17T03:09:48.382328700+00:00
Message: assertion `left == right` failed
  left: 9
 right: 5
Location: src\error_logging.rs:516:9
Version: 1.0.0
===================



=== CRASH REPORT ===
Timestamp: 2026-02-17T03:09:48.382793200+00:00
Message: assertion `left == right` failed
  left: 9
 right: 5
Location: src\error_logging.rs:516:9
Version: 1.0.0
===================



=== CRASH REPORT ===
Timestamp: 2026-02-17T03:09:48.383117800+00:00
Message: assertion `left == right` failed
  left: 9
 right: 5
Location: src\error_logging.rs:516:9
Version: 1.0.0
===================



=== CRASH REPORT ===
Timestamp: 2026-02-17T03:09:48.383416600+00:00
Message: assertion `left == right` failed
  left: 9
 right: 5
Location: src\error_logging.rs:516:9
Version: 1.0.0
===================



thread 'error_logging::tests::test_cleanup_old_errors' (2192) panicked at src\error_logging.rs:516:9:
assertion `left == right` failed
  left: 9
 right: 5

---- error_logging_test::test_cleanup_old_errors stdout ----

=== CRASH REPORT ===
Timestamp: 2026-02-17T03:09:48.821438400+00:00
Message: assertion `left == right` failed
  left: 0
 right: 5
Location: src\error_logging_test.rs:127:5
Version: 1.0.0
===================



=== CRASH REPORT ===
Timestamp: 2026-02-17T03:09:48.822275700+00:00
Message: assertion `left == right` failed
  left: 0
 right: 5
Location: src\error_logging_test.rs:127:5
Version: 1.0.0
===================



=== CRASH REPORT ===
Timestamp: 2026-02-17T03:09:48.823656300+00:00
Message: assertion `left == right` failed
  left: 0
 right: 5
Location: src\error_logging_test.rs:127:5
Version: 1.0.0
===================



=== CRASH REPORT ===
Timestamp: 2026-02-17T03:09:48.824526400+00:00
Message: assertion `left == right` failed
  left: 0
 right: 5
Location: src\error_logging_test.rs:127:5
Version: 1.0.0
===================



thread 'error_logging_test::test_cleanup_old_errors' (14968) panicked at src\error_logging_test.rs:127:5:
assertion `left == right` failed
  left: 0
 right: 5

---- integration_test::tests::test_existing_database_compatibility stdout ----

=== CRASH REPORT ===
Timestamp: 2026-02-17T03:10:05.749200400+00:00
Message: assertion `left == right` failed: Should be at version 13 after applying remaining migrations
  left: 14
 right: 13
Location: src\integration_test.rs:216:9
Version: 1.0.0
===================



=== CRASH REPORT ===
Timestamp: 2026-02-17T03:10:05.749590700+00:00
Message: assertion `left == right` failed: Should be at version 13 after applying remaining migrations
  left: 14
 right: 13
Location: src\integration_test.rs:216:9
Version: 1.0.0
===================



=== CRASH REPORT ===
Timestamp: 2026-02-17T03:10:05.749790300+00:00
Message: assertion `left == right` failed: Should be at version 13 after applying remaining migrations
  left: 14
 right: 13
Location: src\integration_test.rs:216:9
Version: 1.0.0
===================



=== CRASH REPORT ===
Timestamp: 2026-02-17T03:10:05.749970300+00:00
Message: assertion `left == right` failed: Should be at version 13 after applying remaining migrations
  left: 14
 right: 13
Location: src\integration_test.rs:216:9
Version: 1.0.0
===================



thread 'integration_test::tests::test_existing_database_compatibility' (11052) panicked at src\integration_test.rs:216:9:
assertion `left == right` failed: Should be at version 13 after applying remaining migrations
  left: 14
 right: 13

---- integration_test::tests::test_fresh_database_initialization stdout ----

=== CRASH REPORT ===
Timestamp: 2026-02-17T03:10:07.220843500+00:00
Message: assertion `left == right` failed: All 13 migrations should be applied. Found: 14
  left: 14
 right: 13
Location: src\integration_test.rs:152:9
Version: 1.0.0
===================



=== CRASH REPORT ===
Timestamp: 2026-02-17T03:10:07.221149600+00:00
Message: assertion `left == right` failed: All 13 migrations should be applied. Found: 14
  left: 14
 right: 13
Location: src\integration_test.rs:152:9
Version: 1.0.0
===================



=== CRASH REPORT ===
Timestamp: 2026-02-17T03:10:07.222588200+00:00
Message: assertion `left == right` failed: All 13 migrations should be applied. Found: 14
  left: 14
 right: 13
Location: src\integration_test.rs:152:9
Version: 1.0.0
===================



=== CRASH REPORT ===
Timestamp: 2026-02-17T03:10:07.222915700+00:00
Message: assertion `left == right` failed: All 13 migrations should be applied. Found: 14
  left: 14
 right: 13
Location: src\integration_test.rs:152:9
Version: 1.0.0
===================



thread 'integration_test::tests::test_fresh_database_initialization' (6992) panicked at src\integration_test.rs:152:9:
assertion `left == right` failed: All 13 migrations should be applied. Found: 14
  left: 14
 right: 13

---- integration_test::tests::test_multiple_startup_cycles stdout ----

=== CRASH REPORT ===
Timestamp: 2026-02-17T03:10:09.815085700+00:00
Message: assertion `left == right` failed: Should have exactly 13 migrations on cycle 0
  left: 14
 right: 13
Location: src\integration_test.rs:377:13
Version: 1.0.0
===================



=== CRASH REPORT ===
Timestamp: 2026-02-17T03:10:09.816261200+00:00
Message: assertion `left == right` failed: Should have exactly 13 migrations on cycle 0
  left: 14
 right: 13
Location: src\integration_test.rs:377:13
Version: 1.0.0
===================



=== CRASH REPORT ===
Timestamp: 2026-02-17T03:10:09.817317700+00:00
Message: assertion `left == right` failed: Should have exactly 13 migrations on cycle 0
  left: 14
 right: 13
Location: src\integration_test.rs:377:13
Version: 1.0.0
===================



=== CRASH REPORT ===
Timestamp: 2026-02-17T03:10:09.818188600+00:00
Message: assertion `left == right` failed: Should have exactly 13 migrations on cycle 0
  left: 14
 right: 13
Location: src\integration_test.rs:377:13
Version: 1.0.0
===================



thread 'integration_test::tests::test_multiple_startup_cycles' (2144) panicked at src\integration_test.rs:377:13:
assertion `left == right` failed: Should have exactly 13 migrations on cycle 0
  left: 14
 right: 13

---- migration_older_db_test::migration_older_db_tests::test_foreign_key_integrity_after_upgrade stdout ----

=== CRASH REPORT ===
Timestamp: 2026-02-17T03:10:11.423739700+00:00
Message: Migrations should succeed: Migration { message: "Migration 3 failed: Internal error: Failed to execute statement 1 in migration 3: CREATE INDEX IF NOT EXISTS idx_localcache_access_pattern ON local_cache(lastAccessed DESC, accessCount DESC): Database error: no such column: lastAccessed in CREATE INDEX IF NOT EXISTS idx_localcache_access_pattern ON local_cache(lastAccessed DESC, accessCount DESC) at offset 72" }
Location: src\migration_older_db_test.rs:688:38
Version: 1.0.0
===================



=== CRASH REPORT ===
Timestamp: 2026-02-17T03:10:11.424057200+00:00
Message: Migrations should succeed: Migration { message: "Migration 3 failed: Internal error: Failed to execute statement 1 in migration 3: CREATE INDEX IF NOT EXISTS idx_localcache_access_pattern ON local_cache(lastAccessed DESC, accessCount DESC): Database error: no such column: lastAccessed in CREATE INDEX IF NOT EXISTS idx_localcache_access_pattern ON local_cache(lastAccessed DESC, accessCount DESC) at offset 72" }
Location: src\migration_older_db_test.rs:688:38
Version: 1.0.0
===================



=== CRASH REPORT ===
Timestamp: 2026-02-17T03:10:11.424275500+00:00
Message: Migrations should succeed: Migration { message: "Migration 3 failed: Internal error: Failed to execute statement 1 in migration 3: CREATE INDEX IF NOT EXISTS idx_localcache_access_pattern ON local_cache(lastAccessed DESC, accessCount DESC): Database error: no such column: lastAccessed in CREATE INDEX IF NOT EXISTS idx_localcache_access_pattern ON local_cache(lastAccessed DESC, accessCount DESC) at offset 72" }
Location: src\migration_older_db_test.rs:688:38
Version: 1.0.0
===================



=== CRASH REPORT ===
Timestamp: 2026-02-17T03:10:11.424671300+00:00
Message: Migrations should succeed: Migration { message: "Migration 3 failed: Internal error: Failed to execute statement 1 in migration 3: CREATE INDEX IF NOT EXISTS idx_localcache_access_pattern ON local_cache(lastAccessed DESC, accessCount DESC): Database error: no such column: lastAccessed in CREATE INDEX IF NOT EXISTS idx_localcache_access_pattern ON local_cache(lastAccessed DESC, accessCount DESC) at offset 72" }
Location: src\migration_older_db_test.rs:688:38
Version: 1.0.0
===================



thread 'migration_older_db_test::migration_older_db_tests::test_foreign_key_integrity_after_upgrade' (9344) panicked at src\migration_older_db_test.rs:688:38:
Migrations should succeed: Migration { message: "Migration 3 failed: Internal error: Failed to execute statement 1 in migration 3: CREATE INDEX IF NOT EXISTS idx_localcache_access_pattern ON local_cache(lastAccessed DESC, accessCount DESC): Database error: no such column: lastAccessed in CREATE INDEX IF NOT EXISTS idx_localcache_access_pattern ON local_cache(lastAccessed DESC, accessCount DESC) at offset 72" }

---- migration_older_db_test::migration_older_db_tests::test_data_integrity_after_upgrade stdout ----

=== CRASH REPORT ===
Timestamp: 2026-02-17T03:10:11.631397400+00:00
Message: Migrations should succeed: Migration { message: "Migration 3 failed: Internal error: Failed to execute statement 1 in migration 3: CREATE INDEX IF NOT EXISTS idx_localcache_access_pattern ON local_cache(lastAccessed DESC, accessCount DESC): Database error: no such column: lastAccessed in CREATE INDEX IF NOT EXISTS idx_localcache_access_pattern ON local_cache(lastAccessed DESC, accessCount DESC) at offset 72" }
Location: src\migration_older_db_test.rs:513:38
Version: 1.0.0
===================



=== CRASH REPORT ===
Timestamp: 2026-02-17T03:10:11.631888200+00:00
Message: Migrations should succeed: Migration { message: "Migration 3 failed: Internal error: Failed to execute statement 1 in migration 3: CREATE INDEX IF NOT EXISTS idx_localcache_access_pattern ON local_cache(lastAccessed DESC, accessCount DESC): Database error: no such column: lastAccessed in CREATE INDEX IF NOT EXISTS idx_localcache_access_pattern ON local_cache(lastAccessed DESC, accessCount DESC) at offset 72" }
Location: src\migration_older_db_test.rs:513:38
Version: 1.0.0
===================



=== CRASH REPORT ===
Timestamp: 2026-02-17T03:10:11.632159700+00:00
Message: Migrations should succeed: Migration { message: "Migration 3 failed: Internal error: Failed to execute statement 1 in migration 3: CREATE INDEX IF NOT EXISTS idx_localcache_access_pattern ON local_cache(lastAccessed DESC, accessCount DESC): Database error: no such column: lastAccessed in CREATE INDEX IF NOT EXISTS idx_localcache_access_pattern ON local_cache(lastAccessed DESC, accessCount DESC) at offset 72" }
Location: src\migration_older_db_test.rs:513:38
Version: 1.0.0
===================



=== CRASH REPORT ===
Timestamp: 2026-02-17T03:10:11.632362700+00:00
Message: Migrations should succeed: Migration { message: "Migration 3 failed: Internal error: Failed to execute statement 1 in migration 3: CREATE INDEX IF NOT EXISTS idx_localcache_access_pattern ON local_cache(lastAccessed DESC, accessCount DESC): Database error: no such column: lastAccessed in CREATE INDEX IF NOT EXISTS idx_localcache_access_pattern ON local_cache(lastAccessed DESC, accessCount DESC) at offset 72" }
Location: src\migration_older_db_test.rs:513:38
Version: 1.0.0
===================



thread 'migration_older_db_test::migration_older_db_tests::test_data_integrity_after_upgrade' (6948) panicked at src\migration_older_db_test.rs:513:38:
Migrations should succeed: Migration { message: "Migration 3 failed: Internal error: Failed to execute statement 1 in migration 3: CREATE INDEX IF NOT EXISTS idx_localcache_access_pattern ON local_cache(lastAccessed DESC, accessCount DESC): Database error: no such column: lastAccessed in CREATE INDEX IF NOT EXISTS idx_localcache_access_pattern ON local_cache(lastAccessed DESC, accessCount DESC) at offset 72" }

---- migration_older_db_test::migration_older_db_tests::test_schema_evolution_correctness stdout ----

=== CRASH REPORT ===
Timestamp: 2026-02-17T03:10:11.710425+00:00
Message: Migrations should succeed: Migration { message: "Migration 3 failed: Internal error: Failed to execute statement 1 in migration 3: CREATE INDEX IF NOT EXISTS idx_localcache_access_pattern ON local_cache(lastAccessed DESC, accessCount DESC): Database error: no such column: lastAccessed in CREATE INDEX IF NOT EXISTS idx_localcache_access_pattern ON local_cache(lastAccessed DESC, accessCount DESC) at offset 72" }
Location: src\migration_older_db_test.rs:584:38
Version: 1.0.0
===================



=== CRASH REPORT ===
Timestamp: 2026-02-17T03:10:11.710844200+00:00
Message: Migrations should succeed: Migration { message: "Migration 3 failed: Internal error: Failed to execute statement 1 in migration 3: CREATE INDEX IF NOT EXISTS idx_localcache_access_pattern ON local_cache(lastAccessed DESC, accessCount DESC): Database error: no such column: lastAccessed in CREATE INDEX IF NOT EXISTS idx_localcache_access_pattern ON local_cache(lastAccessed DESC, accessCount DESC) at offset 72" }
Location: src\migration_older_db_test.rs:584:38
Version: 1.0.0
===================



=== CRASH REPORT ===
Timestamp: 2026-02-17T03:10:11.711233400+00:00
Message: Migrations should succeed: Migration { message: "Migration 3 failed: Internal error: Failed to execute statement 1 in migration 3: CREATE INDEX IF NOT EXISTS idx_localcache_access_pattern ON local_cache(lastAccessed DESC, accessCount DESC): Database error: no such column: lastAccessed in CREATE INDEX IF NOT EXISTS idx_localcache_access_pattern ON local_cache(lastAccessed DESC, accessCount DESC) at offset 72" }
Location: src\migration_older_db_test.rs:584:38
Version: 1.0.0
===================



=== CRASH REPORT ===
Timestamp: 2026-02-17T03:10:11.711698700+00:00
Message: Migrations should succeed: Migration { message: "Migration 3 failed: Internal error: Failed to execute statement 1 in migration 3: CREATE INDEX IF NOT EXISTS idx_localcache_access_pattern ON local_cache(lastAccessed DESC, accessCount DESC): Database error: no such column: lastAccessed in CREATE INDEX IF NOT EXISTS idx_localcache_access_pattern ON local_cache(lastAccessed DESC, accessCount DESC) at offset 72" }
Location: src\migration_older_db_test.rs:584:38
Version: 1.0.0
===================



thread 'migration_older_db_test::migration_older_db_tests::test_schema_evolution_correctness' (6020) panicked at src\migration_older_db_test.rs:584:38:
Migrations should succeed: Migration { message: "Migration 3 failed: Internal error: Failed to execute statement 1 in migration 3: CREATE INDEX IF NOT EXISTS idx_localcache_access_pattern ON local_cache(lastAccessed DESC, accessCount DESC): Database error: no such column: lastAccessed in CREATE INDEX IF NOT EXISTS idx_localcache_access_pattern ON local_cache(lastAccessed DESC, accessCount DESC) at offset 72" }

---- migration_older_db_test::migration_older_db_tests::test_upgrade_from_v0_to_current stdout ----

=== CRASH REPORT ===
Timestamp: 2026-02-17T03:10:11.896514200+00:00
Message: Migrations should succeed from v0 to current: Migration { message: "Migration 3 failed: Internal error: Failed to execute statement 1 in migration 3: CREATE INDEX IF NOT EXISTS idx_localcache_access_pattern ON local_cache(lastAccessed DESC, accessCount DESC): Database error: no such column: lastAccessed in CREATE INDEX IF NOT EXISTS idx_localcache_access_pattern ON local_cache(lastAccessed DESC, accessCount DESC) at offset 72" }
Location: src\migration_older_db_test.rs:287:38
Version: 1.0.0
===================



=== CRASH REPORT ===
Timestamp: 2026-02-17T03:10:11.896807500+00:00
Message: Migrations should succeed from v0 to current: Migration { message: "Migration 3 failed: Internal error: Failed to execute statement 1 in migration 3: CREATE INDEX IF NOT EXISTS idx_localcache_access_pattern ON local_cache(lastAccessed DESC, accessCount DESC): Database error: no such column: lastAccessed in CREATE INDEX IF NOT EXISTS idx_localcache_access_pattern ON local_cache(lastAccessed DESC, accessCount DESC) at offset 72" }
Location: src\migration_older_db_test.rs:287:38
Version: 1.0.0
===================



=== CRASH REPORT ===
Timestamp: 2026-02-17T03:10:11.897016100+00:00
Message: Migrations should succeed from v0 to current: Migration { message: "Migration 3 failed: Internal error: Failed to execute statement 1 in migration 3: CREATE INDEX IF NOT EXISTS idx_localcache_access_pattern ON local_cache(lastAccessed DESC, accessCount DESC): Database error: no such column: lastAccessed in CREATE INDEX IF NOT EXISTS idx_localcache_access_pattern ON local_cache(lastAccessed DESC, accessCount DESC) at offset 72" }
Location: src\migration_older_db_test.rs:287:38
Version: 1.0.0
===================



=== CRASH REPORT ===
Timestamp: 2026-02-17T03:10:11.897168800+00:00
Message: Migrations should succeed from v0 to current: Migration { message: "Migration 3 failed: Internal error: Failed to execute statement 1 in migration 3: CREATE INDEX IF NOT EXISTS idx_localcache_access_pattern ON local_cache(lastAccessed DESC, accessCount DESC): Database error: no such column: lastAccessed in CREATE INDEX IF NOT EXISTS idx_localcache_access_pattern ON local_cache(lastAccessed DESC, accessCount DESC) at offset 72" }
Location: src\migration_older_db_test.rs:287:38
Version: 1.0.0
===================



thread 'migration_older_db_test::migration_older_db_tests::test_upgrade_from_v0_to_current' (8912) panicked at src\migration_older_db_test.rs:287:38:
Migrations should succeed from v0 to current: Migration { message: "Migration 3 failed: Internal error: Failed to execute statement 1 in migration 3: CREATE INDEX IF NOT EXISTS idx_localcache_access_pattern ON local_cache(lastAccessed DESC, accessCount DESC): Database error: no such column: lastAccessed in CREATE INDEX IF NOT EXISTS idx_localcache_access_pattern ON local_cache(lastAccessed DESC, accessCount DESC) at offset 72" }

---- migration_older_db_test::migration_older_db_tests::test_upgrade_from_v1_to_current stdout ----

=== CRASH REPORT ===
Timestamp: 2026-02-17T03:10:12.153059500+00:00
Message: Migrations should succeed from v1 to current: Migration { message: "Migration 3 failed: Internal error: Failed to execute statement 1 in migration 3: CREATE INDEX IF NOT EXISTS idx_localcache_access_pattern ON local_cache(lastAccessed DESC, accessCount DESC): Database error: no such column: lastAccessed in CREATE INDEX IF NOT EXISTS idx_localcache_access_pattern ON local_cache(lastAccessed DESC, accessCount DESC) at offset 72" }
Location: src\migration_older_db_test.rs:354:38
Version: 1.0.0
===================



=== CRASH REPORT ===
Timestamp: 2026-02-17T03:10:12.154218100+00:00
Message: Migrations should succeed from v1 to current: Migration { message: "Migration 3 failed: Internal error: Failed to execute statement 1 in migration 3: CREATE INDEX IF NOT EXISTS idx_localcache_access_pattern ON local_cache(lastAccessed DESC, accessCount DESC): Database error: no such column: lastAccessed in CREATE INDEX IF NOT EXISTS idx_localcache_access_pattern ON local_cache(lastAccessed DESC, accessCount DESC) at offset 72" }
Location: src\migration_older_db_test.rs:354:38
Version: 1.0.0
===================



=== CRASH REPORT ===
Timestamp: 2026-02-17T03:10:12.155627400+00:00
Message: Migrations should succeed from v1 to current: Migration { message: "Migration 3 failed: Internal error: Failed to execute statement 1 in migration 3: CREATE INDEX IF NOT EXISTS idx_localcache_access_pattern ON local_cache(lastAccessed DESC, accessCount DESC): Database error: no such column: lastAccessed in CREATE INDEX IF NOT EXISTS idx_localcache_access_pattern ON local_cache(lastAccessed DESC, accessCount DESC) at offset 72" }
Location: src\migration_older_db_test.rs:354:38
Version: 1.0.0
===================



=== CRASH REPORT ===
Timestamp: 2026-02-17T03:10:12.158406400+00:00
Message: Migrations should succeed from v1 to current: Migration { message: "Migration 3 failed: Internal error: Failed to execute statement 1 in migration 3: CREATE INDEX IF NOT EXISTS idx_localcache_access_pattern ON local_cache(lastAccessed DESC, accessCount DESC): Database error: no such column: lastAccessed in CREATE INDEX IF NOT EXISTS idx_localcache_access_pattern ON local_cache(lastAccessed DESC, accessCount DESC) at offset 72" }
Location: src\migration_older_db_test.rs:354:38
Version: 1.0.0
===================



thread 'migration_older_db_test::migration_older_db_tests::test_upgrade_from_v1_to_current' (9944) panicked at src\migration_older_db_test.rs:354:38:
Migrations should succeed from v1 to current: Migration { message: "Migration 3 failed: Internal error: Failed to execute statement 1 in migration 3: CREATE INDEX IF NOT EXISTS idx_localcache_access_pattern ON local_cache(lastAccessed DESC, accessCount DESC): Database error: no such column: lastAccessed in CREATE INDEX IF NOT EXISTS idx_localcache_access_pattern ON local_cache(lastAccessed DESC, accessCount DESC) at offset 72" }

---- migration_older_db_test::migration_older_db_tests::test_migration_history_after_upgrade stdout ----

=== CRASH REPORT ===
Timestamp: 2026-02-17T03:10:12.369538900+00:00
Message: Migrations should succeed: Migration { message: "Migration 12 failed: Internal error: Failed to execute statement 1 in migration 12: CREATE INDEX IF NOT EXISTS idx_localcache_contentHash ON local_cache(contentHash): Database error: no such column: contentHash in CREATE INDEX IF NOT EXISTS idx_localcache_contentHash ON local_cache(contentHash) at offset 69" }
Location: src\migration_older_db_test.rs:624:38
Version: 1.0.0
===================



=== CRASH REPORT ===
Timestamp: 2026-02-17T03:10:12.369797500+00:00
Message: Migrations should succeed: Migration { message: "Migration 12 failed: Internal error: Failed to execute statement 1 in migration 12: CREATE INDEX IF NOT EXISTS idx_localcache_contentHash ON local_cache(contentHash): Database error: no such column: contentHash in CREATE INDEX IF NOT EXISTS idx_localcache_contentHash ON local_cache(contentHash) at offset 69" }
Location: src\migration_older_db_test.rs:624:38
Version: 1.0.0
===================



=== CRASH REPORT ===
Timestamp: 2026-02-17T03:10:12.370030900+00:00
Message: Migrations should succeed: Migration { message: "Migration 12 failed: Internal error: Failed to execute statement 1 in migration 12: CREATE INDEX IF NOT EXISTS idx_localcache_contentHash ON local_cache(contentHash): Database error: no such column: contentHash in CREATE INDEX IF NOT EXISTS idx_localcache_contentHash ON local_cache(contentHash) at offset 69" }
Location: src\migration_older_db_test.rs:624:38
Version: 1.0.0
===================



=== CRASH REPORT ===
Timestamp: 2026-02-17T03:10:12.370193200+00:00
Message: Migrations should succeed: Migration { message: "Migration 12 failed: Internal error: Failed to execute statement 1 in migration 12: CREATE INDEX IF NOT EXISTS idx_localcache_contentHash ON local_cache(contentHash): Database error: no such column: contentHash in CREATE INDEX IF NOT EXISTS idx_localcache_contentHash ON local_cache(contentHash) at offset 69" }
Location: src\migration_older_db_test.rs:624:38
Version: 1.0.0
===================



thread 'migration_older_db_test::migration_older_db_tests::test_migration_history_after_upgrade' (3780) panicked at src\migration_older_db_test.rs:624:38:
Migrations should succeed: Migration { message: "Migration 12 failed: Internal error: Failed to execute statement 1 in migration 12: CREATE INDEX IF NOT EXISTS idx_localcache_contentHash ON local_cache(contentHash): Database error: no such column: contentHash in CREATE INDEX IF NOT EXISTS idx_localcache_contentHash ON local_cache(contentHash) at offset 69" }

---- migration_older_db_test::migration_older_db_tests::test_upgrade_from_v5_to_current stdout ----

=== CRASH REPORT ===
Timestamp: 2026-02-17T03:10:12.979010700+00:00
Message: Migrations should succeed from v5 to current: Migration { message: "Migration 12 failed: Internal error: Failed to execute statement 1 in migration 12: CREATE INDEX IF NOT EXISTS idx_localcache_contentHash ON local_cache(contentHash): Database error: no such column: contentHash in CREATE INDEX IF NOT EXISTS idx_localcache_contentHash ON local_cache(contentHash) at offset 69" }
Location: src\migration_older_db_test.rs:428:38
Version: 1.0.0
===================



=== CRASH REPORT ===
Timestamp: 2026-02-17T03:10:12.979689+00:00
Message: Migrations should succeed from v5 to current: Migration { message: "Migration 12 failed: Internal error: Failed to execute statement 1 in migration 12: CREATE INDEX IF NOT EXISTS idx_localcache_contentHash ON local_cache(contentHash): Database error: no such column: contentHash in CREATE INDEX IF NOT EXISTS idx_localcache_contentHash ON local_cache(contentHash) at offset 69" }
Location: src\migration_older_db_test.rs:428:38
Version: 1.0.0
===================



=== CRASH REPORT ===
Timestamp: 2026-02-17T03:10:12.980210300+00:00
Message: Migrations should succeed from v5 to current: Migration { message: "Migration 12 failed: Internal error: Failed to execute statement 1 in migration 12: CREATE INDEX IF NOT EXISTS idx_localcache_contentHash ON local_cache(contentHash): Database error: no such column: contentHash in CREATE INDEX IF NOT EXISTS idx_localcache_contentHash ON local_cache(contentHash) at offset 69" }
Location: src\migration_older_db_test.rs:428:38
Version: 1.0.0
===================



=== CRASH REPORT ===
Timestamp: 2026-02-17T03:10:12.980723+00:00
error: test failed, to rerun pass `--bin kiyya-desktop`
Message: Migrations should succeed from v5 to current: Migration { message: "Migration 12 failed: Internal error: Failed to execute statement 1 in migration 12: CREATE INDEX IF NOT EXISTS idx_localcache_contentHash ON local_cache(contentHash): Database error: no such column: contentHash in CREATE INDEX IF NOT EXISTS idx_localcache_contentHash ON local_cache(contentHash) at offset 69" }
Location: src\migration_older_db_test.rs:428:38
Version: 1.0.0
===================



thread 'migration_older_db_test::migration_older_db_tests::test_upgrade_from_v5_to_current' (7108) panicked at src\migration_older_db_test.rs:428:38:
Migrations should succeed from v5 to current: Migration { message: "Migration 12 failed: Internal error: Failed to execute statement 1 in migration 12: CREATE INDEX IF NOT EXISTS idx_localcache_contentHash ON local_cache(contentHash): Database error: no such column: contentHash in CREATE INDEX IF NOT EXISTS idx_localcache_contentHash ON local_cache(contentHash) at offset 69" }

---- search_test::tests::test_search_content_description stdout ----

=== CRASH REPORT ===
Timestamp: 2026-02-17T03:11:21.553099200+00:00
Message: Search failed: Internal { message: "Failed to parse FTS5 search result: Database error: database disk image is malformed" }
Location: src\search_test.rs:120:70
Version: 1.0.0
===================



=== CRASH REPORT ===
Timestamp: 2026-02-17T03:11:21.553561+00:00
Message: Search failed: Internal { message: "Failed to parse FTS5 search result: Database error: database disk image is malformed" }
Location: src\search_test.rs:120:70
Version: 1.0.0
===================



=== CRASH REPORT ===
Timestamp: 2026-02-17T03:11:21.554006100+00:00
Message: Search failed: Internal { message: "Failed to parse FTS5 search result: Database error: database disk image is malformed" }
Location: src\search_test.rs:120:70
Version: 1.0.0
===================



=== CRASH REPORT ===
Timestamp: 2026-02-17T03:11:21.554415200+00:00
Message: Search failed: Internal { message: "Failed to parse FTS5 search result: Database error: database disk image is malformed" }
Location: src\search_test.rs:120:70
Version: 1.0.0
===================



thread 'search_test::tests::test_search_content_description' (6492) panicked at src\search_test.rs:120:70:
Search failed: Internal { message: "Failed to parse FTS5 search result: Database error: database disk image is malformed" }

---- search_test::tests::test_search_content_limit stdout ----

=== CRASH REPORT ===
Timestamp: 2026-02-17T03:11:22.506677400+00:00
Message: Search failed: Internal { message: "Failed to parse FTS5 search result: Database error: database disk image is malformed" }
Location: src\search_test.rs:150:65
Version: 1.0.0
===================



=== CRASH REPORT ===
Timestamp: 2026-02-17T03:11:22.510585400+00:00
Message: Search failed: Internal { message: "Failed to parse FTS5 search result: Database error: database disk image is malformed" }
Location: src\search_test.rs:150:65
Version: 1.0.0
===================



=== CRASH REPORT ===
Timestamp: 2026-02-17T03:11:22.510782700+00:00
Message: Search failed: Internal { message: "Failed to parse FTS5 search result: Database error: database disk image is malformed" }
Location: src\search_test.rs:150:65
Version: 1.0.0
===================



=== CRASH REPORT ===
Timestamp: 2026-02-17T03:11:22.510987400+00:00
Message: Search failed: Internal { message: "Failed to parse FTS5 search result: Database error: database disk image is malformed" }
Location: src\search_test.rs:150:65
Version: 1.0.0
===================



thread 'search_test::tests::test_search_content_limit' (7924) panicked at src\search_test.rs:150:65:
Search failed: Internal { message: "Failed to parse FTS5 search result: Database error: database disk image is malformed" }

---- search_test::tests::test_search_content_special_characters stdout ----

=== CRASH REPORT ===
Timestamp: 2026-02-17T03:11:22.971839800+00:00
Message: Search failed: Internal { message: "Failed to parse FTS5 search result: Database error: database disk image is malformed" }
Location: src\search_test.rs:160:73
Version: 1.0.0
===================



=== CRASH REPORT ===
Timestamp: 2026-02-17T03:11:22.972154500+00:00
Message: Search failed: Internal { message: "Failed to parse FTS5 search result: Database error: database disk image is malformed" }
Location: src\search_test.rs:160:73
Version: 1.0.0
===================



=== CRASH REPORT ===
Timestamp: 2026-02-17T03:11:22.972389900+00:00
Message: Search failed: Internal { message: "Failed to parse FTS5 search result: Database error: database disk image is malformed" }
Location: src\search_test.rs:160:73
Version: 1.0.0
===================



=== CRASH REPORT ===
Timestamp: 2026-02-17T03:11:22.972608300+00:00
Message: Search failed: Internal { message: "Failed to parse FTS5 search result: Database error: database disk image is malformed" }
Location: src\search_test.rs:160:73
Version: 1.0.0
===================



thread 'search_test::tests::test_search_content_special_characters' (14920) panicked at src\search_test.rs:160:73:
Search failed: Internal { message: "Failed to parse FTS5 search result: Database error: database disk image is malformed" }


failures:
    database_initialization_test::tests::test_connection_pool_initialized
    download::tests::test_delete_content
    encryption_key_management_test::encryption_key_management_tests::test_key_removed_from_keystore_on_disable
    error_logging::tests::test_cleanup_old_errors
    error_logging::tests::test_error_stats
    error_logging::tests::test_log_error
    error_logging::tests::test_mark_resolved
    error_logging_test::test_cleanup_old_errors
    integration_test::tests::test_existing_database_compatibility
    integration_test::tests::test_fresh_database_initialization
    integration_test::tests::test_multiple_startup_cycles
    migration_older_db_test::migration_older_db_tests::test_data_integrity_after_upgrade
    migration_older_db_test::migration_older_db_tests::test_foreign_key_integrity_after_upgrade
    migration_older_db_test::migration_older_db_tests::test_migration_history_after_upgrade
    migration_older_db_test::migration_older_db_tests::test_schema_evolution_correctness
    migration_older_db_test::migration_older_db_tests::test_upgrade_from_v0_to_current
    migration_older_db_test::migration_older_db_tests::test_upgrade_from_v1_to_current
    migration_older_db_test::migration_older_db_tests::test_upgrade_from_v5_to_current
    search_test::tests::test_search_content_description
    search_test::tests::test_search_content_limit
    search_test::tests::test_search_content_special_characters

test result: FAILED. 638 passed; 21 failed; 6 ignored; 0 measured; 0 filtered out; finished in 182.42s

